Sep 07 18:25:15 kernel: Linux version 6.16.4-104.bazzite.fc42.x86_64 (builder@b219130935ca) (gcc (GCC) 15.2.1 20250808 (Red Hat 15.2.1-1), GNU ld version 2.44-6.fc42) #1 SMP PREEMPT_DYNAMIC Mon Sep  1 20:18:40 UTC 2025
Sep 07 18:25:15 kernel: Command line: BOOT_IMAGE=(hd2,gpt2)/ostree/default-c4dfef47f395d025b83a5807b95c2b9e35090d798b1101f1e779adb5998f6e07/vmlinuz-6.16.4-104.bazzite.fc42.x86_64 rhgb quiet root=UUID=9fba10ec-1a7d-44bf-a83a-a265af04142f rootflags=subvol=root rw ostree=/ostree/boot.1/default/c4dfef47f395d025b83a5807b95c2b9e35090d798b1101f1e779adb5998f6e07/0 bluetooth.disable_ertm=1 processor.max_cstate=3 intel_idle.max_cstate=3 intel_pstate=active transparent_hugepage=madvise nvme_core.default_ps_max_latency_us=0 pcie_aspm=off intel_iommu=on iommu=pt threadirqs preempt=full nvidia-drm.modeset=1 nvidia-drm.fbdev=1 pci=realloc mitigations=off mitigations=off processor.max_cstate=3 intel_idle.max_cstate=3 intel_pstate=active transparent_hugepage=madvise nvme_core.default_ps_max_latency_us=0 pcie_aspm=off pci=realloc,assign-busses,nocrs intel_iommu=on iommu=pt threadirqs preempt=full nvidia-drm.modeset=1 nvidia-drm.fbdev=1 mitigations=off
Sep 07 18:25:15 kernel: BIOS-provided physical RAM map:
Sep 07 18:25:15 kernel: BIOS-e820: [mem 0x0000000000000000-0x000000000009dfff] usable
Sep 07 18:25:15 kernel: BIOS-e820: [mem 0x000000000009e000-0x000000000009efff] reserved
Sep 07 18:25:15 kernel: BIOS-e820: [mem 0x000000000009f000-0x000000000009ffff] usable
Sep 07 18:25:15 kernel: BIOS-e820: [mem 0x00000000000a0000-0x00000000000fffff] reserved
Sep 07 18:25:15 kernel: BIOS-e820: [mem 0x0000000000100000-0x000000002827ffff] usable
Sep 07 18:25:15 kernel: BIOS-e820: [mem 0x0000000028280000-0x0000000028280fff] ACPI NVS
Sep 07 18:25:15 kernel: BIOS-e820: [mem 0x0000000028281000-0x00000000282a3fff] usable
Sep 07 18:25:15 kernel: BIOS-e820: [mem 0x00000000282a4000-0x00000000282a4fff] reserved
Sep 07 18:25:15 kernel: BIOS-e820: [mem 0x00000000282a5000-0x000000002dba3fff] usable
Sep 07 18:25:15 kernel: BIOS-e820: [mem 0x000000002dba4000-0x000000002f19efff] reserved
Sep 07 18:25:15 kernel: BIOS-e820: [mem 0x000000002f19f000-0x000000002f2cefff] ACPI data
Sep 07 18:25:15 kernel: BIOS-e820: [mem 0x000000002f2cf000-0x000000002f404fff] ACPI NVS
Sep 07 18:25:15 kernel: BIOS-e820: [mem 0x000000002f405000-0x000000002fffdfff] reserved
Sep 07 18:25:15 kernel: BIOS-e820: [mem 0x000000002fffe000-0x000000002fffefff] usable
Sep 07 18:25:15 kernel: BIOS-e820: [mem 0x000000002ffff000-0x0000000038ffffff] reserved
Sep 07 18:25:15 kernel: BIOS-e820: [mem 0x00000000e0000000-0x00000000efffffff] reserved
Sep 07 18:25:15 kernel: BIOS-e820: [mem 0x00000000fc000000-0x00000000fc00ffff] reserved
Sep 07 18:25:15 kernel: BIOS-e820: [mem 0x00000000fe000000-0x00000000fe010fff] reserved
Sep 07 18:25:15 kernel: BIOS-e820: [mem 0x00000000fec00000-0x00000000fec00fff] reserved
Sep 07 18:25:15 kernel: BIOS-e820: [mem 0x00000000fee00000-0x00000000fee00fff] reserved
Sep 07 18:25:15 kernel: BIOS-e820: [mem 0x00000000ff000000-0x00000000ffffffff] reserved
Sep 07 18:25:15 kernel: BIOS-e820: [mem 0x0000000100000000-0x00000010c5ffffff] usable
Sep 07 18:25:15 kernel: The simpledrm driver will not be probed
Sep 07 18:25:15 kernel: The simpledrm driver will not be probed
Sep 07 18:25:15 kernel: NX (Execute Disable) protection: active
Sep 07 18:25:15 kernel: APIC: Static calls initialized
Sep 07 18:25:15 kernel: efi: EFI v2.7 by American Megatrends
Sep 07 18:25:15 kernel: efi: ACPI=0x2f362000 ACPI 2.0=0x2f362014 SMBIOS=0x2fb47000 SMBIOS 3.0=0x2fb46000 MEMATTR=0x28b0c218 ESRT=0x2ac3c918 MOKvar=0x2fb62000 RNG=0x2f254018 
Sep 07 18:25:15 kernel: random: crng init done
Sep 07 18:25:15 kernel: efi: Remove mem95: MMIO range=[0xe0000000-0xefffffff] (256MB) from e820 map
Sep 07 18:25:15 kernel: e820: remove [mem 0xe0000000-0xefffffff] reserved
Sep 07 18:25:15 kernel: efi: Not removing mem96: MMIO range=[0xfc000000-0xfc00ffff] (64KB) from e820 map
Sep 07 18:25:15 kernel: efi: Not removing mem97: MMIO range=[0xfe000000-0xfe010fff] (68KB) from e820 map
Sep 07 18:25:15 kernel: efi: Not removing mem98: MMIO range=[0xfec00000-0xfec00fff] (4KB) from e820 map
Sep 07 18:25:15 kernel: efi: Not removing mem99: MMIO range=[0xfee00000-0xfee00fff] (4KB) from e820 map
Sep 07 18:25:15 kernel: efi: Remove mem100: MMIO range=[0xff000000-0xffffffff] (16MB) from e820 map
Sep 07 18:25:15 kernel: e820: remove [mem 0xff000000-0xffffffff] reserved
Sep 07 18:25:15 kernel: secureboot: Secure boot disabled
Sep 07 18:25:15 kernel: SMBIOS 3.2.0 present.
Sep 07 18:25:15 kernel: DMI: Gigabyte Technology Co., Ltd. Z490 VISION G/Z490 VISION G, BIOS F23 12/20/2023
Sep 07 18:25:15 kernel: DMI: Memory slots populated: 4/4
Sep 07 18:25:15 kernel: tsc: Detected 3600.000 MHz processor
Sep 07 18:25:15 kernel: e820: update [mem 0x00000000-0x00000fff] usable ==> reserved
Sep 07 18:25:15 kernel: e820: remove [mem 0x000a0000-0x000fffff] usable
Sep 07 18:25:15 kernel: last_pfn = 0x10c6000 max_arch_pfn = 0x400000000
Sep 07 18:25:15 kernel: MTRR map: 5 entries (3 fixed + 2 variable; max 23), built from 10 variable MTRRs
Sep 07 18:25:15 kernel: x86/PAT: Configuration [0-7]: WB  WC  UC- UC  WB  WP  UC- WT  
Sep 07 18:25:15 kernel: last_pfn = 0x2ffff max_arch_pfn = 0x400000000
Sep 07 18:25:15 kernel: esrt: Reserving ESRT space from 0x000000002ac3c918 to 0x000000002ac3c978.
Sep 07 18:25:15 kernel: e820: update [mem 0x2ac3c000-0x2ac3cfff] usable ==> reserved
Sep 07 18:25:15 kernel: Using GB pages for direct mapping
Sep 07 18:25:15 kernel: secureboot: Secure boot disabled
Sep 07 18:25:15 kernel: RAMDISK: [mem 0x10b281b000-0x10c5ffffff]
Sep 07 18:25:15 kernel: ACPI: Early table checksum verification disabled
Sep 07 18:25:15 kernel: ACPI: RSDP 0x000000002F362014 000024 (v02 ALASKA)
Sep 07 18:25:15 kernel: ACPI: XSDT 0x000000002F361728 0000E4 (v01 ALASKA A M I    01072009 AMI  01000013)
Sep 07 18:25:15 kernel: ACPI: FACP 0x000000002F2C7000 000114 (v06 ALASKA A M I    01072009 AMI  00010013)
Sep 07 18:25:15 kernel: ACPI: DSDT 0x000000002F281000 045B41 (v02 ALASKA A M I    01072009 INTL 20160527)
Sep 07 18:25:15 kernel: ACPI: FACS 0x000000002F404000 000040
Sep 07 18:25:15 kernel: ACPI: MCFG 0x000000002F2CC000 00003C (v01 ALASKA A M I    01072009 MSFT 00000097)
Sep 07 18:25:15 kernel: ACPI: SSDT 0x000000002F2C9000 00203B (v02 CpuRef CpuSsdt  00003000 INTL 20160527)
Sep 07 18:25:15 kernel: ACPI: SSDT 0x000000002F2C8000 000A52 (v02 PmRef  ItbmSci  00003000 INTL 20160527)
Sep 07 18:25:15 kernel: ACPI: FIDT 0x000000002F280000 00009C (v01 ALASKA A M I    01072009 AMI  00010013)
Sep 07 18:25:15 kernel: ACPI: SSDT 0x000000002F277000 008C06 (v01 GBT    GSWApp   00000001 INTL 20160527)
Sep 07 18:25:15 kernel: ACPI: SSDT 0x000000002F273000 0031F9 (v02 SaSsdt SaSsdt   00003000 INTL 20160527)
Sep 07 18:25:15 kernel: ACPI: SSDT 0x000000002F26F000 003EC6 (v02 Intel  PegSsdt  00001000 INTL 20160527)
Sep 07 18:25:15 kernel: ACPI: HPET 0x000000002F2CE000 000038 (v01 ALASKA A M I    01072009 AMI  01000013)
Sep 07 18:25:15 kernel: ACPI: APIC 0x000000002F2CD000 000164 (v04 ALASKA A M I    01072009 AMI  01000013)
Sep 07 18:25:15 kernel: ACPI: SSDT 0x000000002F26C000 002CFA (v02 ALASKA A M I    00001000 INTL 20160527)
Sep 07 18:25:15 kernel: ACPI: SSDT 0x000000002F26A000 00147B (v02 ALASKA A M I    00001000 INTL 20160527)
Sep 07 18:25:15 kernel: ACPI: SSDT 0x000000002F266000 003961 (v02 INTEL  xh_cmsd4 00000000 INTL 20160527)
Sep 07 18:25:15 kernel: ACPI: NHLT 0x000000002F264000 001821 (v00 ALASKA A M I    01072009 AMI  01000013)
Sep 07 18:25:15 kernel: ACPI: LPIT 0x000000002F263000 000094 (v01 ALASKA A M I    01072009 AMI  01000013)
Sep 07 18:25:15 kernel: ACPI: SSDT 0x000000002F25F000 002720 (v02 ALASKA A M I    00001000 INTL 20160527)
Sep 07 18:25:15 kernel: ACPI: SSDT 0x000000002F25C000 0027EC (v02 ALASKA A M I    00000000 INTL 20160527)
Sep 07 18:25:15 kernel: ACPI: DBGP 0x000000002F25B000 000034 (v01 ALASKA A M I    01072009 AMI  01000013)
Sep 07 18:25:15 kernel: ACPI: DBG2 0x000000002F25A000 000054 (v00 ALASKA A M I    01072009 AMI  01000013)
Sep 07 18:25:15 kernel: ACPI: SSDT 0x000000002F258000 001B93 (v02 ALASKA A M I    00001000 INTL 20160527)
Sep 07 18:25:15 kernel: ACPI: BGRT 0x000000002F256000 000038 (v01 ALASKA A M I    01072009 AMI  00010013)
Sep 07 18:25:15 kernel: ACPI: DMAR 0x000000002F257000 000070 (v01 INTEL  EDK2     00000002      01000013)
Sep 07 18:25:15 kernel: ACPI: WSMT 0x000000002F262000 000028 (v01 ALASKA A M I    01072009 AMI  00010013)
Sep 07 18:25:15 kernel: ACPI: FPDT 0x000000002F255000 000044 (v01 ALASKA A M I    01072009 AMI  01000013)
Sep 07 18:25:15 kernel: ACPI: Reserving FACP table memory at [mem 0x2f2c7000-0x2f2c7113]
Sep 07 18:25:15 kernel: ACPI: Reserving DSDT table memory at [mem 0x2f281000-0x2f2c6b40]
Sep 07 18:25:15 kernel: ACPI: Reserving FACS table memory at [mem 0x2f404000-0x2f40403f]
Sep 07 18:25:15 kernel: ACPI: Reserving MCFG table memory at [mem 0x2f2cc000-0x2f2cc03b]
Sep 07 18:25:15 kernel: ACPI: Reserving SSDT table memory at [mem 0x2f2c9000-0x2f2cb03a]
Sep 07 18:25:15 kernel: ACPI: Reserving SSDT table memory at [mem 0x2f2c8000-0x2f2c8a51]
Sep 07 18:25:15 kernel: ACPI: Reserving FIDT table memory at [mem 0x2f280000-0x2f28009b]
Sep 07 18:25:15 kernel: ACPI: Reserving SSDT table memory at [mem 0x2f277000-0x2f27fc05]
Sep 07 18:25:15 kernel: ACPI: Reserving SSDT table memory at [mem 0x2f273000-0x2f2761f8]
Sep 07 18:25:15 kernel: ACPI: Reserving SSDT table memory at [mem 0x2f26f000-0x2f272ec5]
Sep 07 18:25:15 kernel: ACPI: Reserving HPET table memory at [mem 0x2f2ce000-0x2f2ce037]
Sep 07 18:25:15 kernel: ACPI: Reserving APIC table memory at [mem 0x2f2cd000-0x2f2cd163]
Sep 07 18:25:15 kernel: ACPI: Reserving SSDT table memory at [mem 0x2f26c000-0x2f26ecf9]
Sep 07 18:25:15 kernel: ACPI: Reserving SSDT table memory at [mem 0x2f26a000-0x2f26b47a]
Sep 07 18:25:15 kernel: ACPI: Reserving SSDT table memory at [mem 0x2f266000-0x2f269960]
Sep 07 18:25:15 kernel: ACPI: Reserving NHLT table memory at [mem 0x2f264000-0x2f265820]
Sep 07 18:25:15 kernel: ACPI: Reserving LPIT table memory at [mem 0x2f263000-0x2f263093]
Sep 07 18:25:15 kernel: ACPI: Reserving SSDT table memory at [mem 0x2f25f000-0x2f26171f]
Sep 07 18:25:15 kernel: ACPI: Reserving SSDT table memory at [mem 0x2f25c000-0x2f25e7eb]
Sep 07 18:25:15 kernel: ACPI: Reserving DBGP table memory at [mem 0x2f25b000-0x2f25b033]
Sep 07 18:25:15 kernel: ACPI: Reserving DBG2 table memory at [mem 0x2f25a000-0x2f25a053]
Sep 07 18:25:15 kernel: ACPI: Reserving SSDT table memory at [mem 0x2f258000-0x2f259b92]
Sep 07 18:25:15 kernel: ACPI: Reserving BGRT table memory at [mem 0x2f256000-0x2f256037]
Sep 07 18:25:15 kernel: ACPI: Reserving DMAR table memory at [mem 0x2f257000-0x2f25706f]
Sep 07 18:25:15 kernel: ACPI: Reserving WSMT table memory at [mem 0x2f262000-0x2f262027]
Sep 07 18:25:15 kernel: ACPI: Reserving FPDT table memory at [mem 0x2f255000-0x2f255043]
Sep 07 18:25:15 kernel: No NUMA configuration found
Sep 07 18:25:15 kernel: Faking a node at [mem 0x0000000000000000-0x00000010c5ffffff]
Sep 07 18:25:15 kernel: NODE_DATA(0) allocated [mem 0x10b27f0280-0x10b281afff]
Sep 07 18:25:15 kernel: Zone ranges:
Sep 07 18:25:15 kernel:   DMA      [mem 0x0000000000001000-0x0000000000ffffff]
Sep 07 18:25:15 kernel:   DMA32    [mem 0x0000000001000000-0x00000000ffffffff]
Sep 07 18:25:15 kernel:   Normal   [mem 0x0000000100000000-0x00000010c5ffffff]
Sep 07 18:25:15 kernel:   Device   empty
Sep 07 18:25:15 kernel: Movable zone start for each node
Sep 07 18:25:15 kernel: Early memory node ranges
Sep 07 18:25:15 kernel:   node   0: [mem 0x0000000000001000-0x000000000009dfff]
Sep 07 18:25:15 kernel:   node   0: [mem 0x000000000009f000-0x000000000009ffff]
Sep 07 18:25:15 kernel:   node   0: [mem 0x0000000000100000-0x000000002827ffff]
Sep 07 18:25:15 kernel:   node   0: [mem 0x0000000028281000-0x00000000282a3fff]
Sep 07 18:25:15 kernel:   node   0: [mem 0x00000000282a5000-0x000000002dba3fff]
Sep 07 18:25:15 kernel:   node   0: [mem 0x000000002fffe000-0x000000002fffefff]
Sep 07 18:25:15 kernel:   node   0: [mem 0x0000000100000000-0x00000010c5ffffff]
Sep 07 18:25:15 kernel: Initmem setup node 0 [mem 0x0000000000001000-0x00000010c5ffffff]
Sep 07 18:25:15 kernel: On node 0, zone DMA: 1 pages in unavailable ranges
Sep 07 18:25:15 kernel: On node 0, zone DMA: 1 pages in unavailable ranges
Sep 07 18:25:15 kernel: On node 0, zone DMA: 96 pages in unavailable ranges
Sep 07 18:25:15 kernel: On node 0, zone DMA32: 1 pages in unavailable ranges
Sep 07 18:25:15 kernel: On node 0, zone DMA32: 1 pages in unavailable ranges
Sep 07 18:25:15 kernel: On node 0, zone DMA32: 9306 pages in unavailable ranges
Sep 07 18:25:15 kernel: On node 0, zone Normal: 1 pages in unavailable ranges
Sep 07 18:25:15 kernel: On node 0, zone Normal: 8192 pages in unavailable ranges
Sep 07 18:25:15 kernel: ACPI: PM-Timer IO Port: 0x1808
Sep 07 18:25:15 kernel: ACPI: LAPIC_NMI (acpi_id[0x01] high edge lint[0x1])
Sep 07 18:25:15 kernel: ACPI: LAPIC_NMI (acpi_id[0x02] high edge lint[0x1])
Sep 07 18:25:15 kernel: ACPI: LAPIC_NMI (acpi_id[0x03] high edge lint[0x1])
Sep 07 18:25:15 kernel: ACPI: LAPIC_NMI (acpi_id[0x04] high edge lint[0x1])
Sep 07 18:25:15 kernel: ACPI: LAPIC_NMI (acpi_id[0x05] high edge lint[0x1])
Sep 07 18:25:15 kernel: ACPI: LAPIC_NMI (acpi_id[0x06] high edge lint[0x1])
Sep 07 18:25:15 kernel: ACPI: LAPIC_NMI (acpi_id[0x07] high edge lint[0x1])
Sep 07 18:25:15 kernel: ACPI: LAPIC_NMI (acpi_id[0x08] high edge lint[0x1])
Sep 07 18:25:15 kernel: ACPI: LAPIC_NMI (acpi_id[0x09] high edge lint[0x1])
Sep 07 18:25:15 kernel: ACPI: LAPIC_NMI (acpi_id[0x0a] high edge lint[0x1])
Sep 07 18:25:15 kernel: ACPI: LAPIC_NMI (acpi_id[0x0b] high edge lint[0x1])
Sep 07 18:25:15 kernel: ACPI: LAPIC_NMI (acpi_id[0x0c] high edge lint[0x1])
Sep 07 18:25:15 kernel: ACPI: LAPIC_NMI (acpi_id[0x0d] high edge lint[0x1])
Sep 07 18:25:15 kernel: ACPI: LAPIC_NMI (acpi_id[0x0e] high edge lint[0x1])
Sep 07 18:25:15 kernel: ACPI: LAPIC_NMI (acpi_id[0x0f] high edge lint[0x1])
Sep 07 18:25:15 kernel: ACPI: LAPIC_NMI (acpi_id[0x10] high edge lint[0x1])
Sep 07 18:25:15 kernel: ACPI: LAPIC_NMI (acpi_id[0x11] high edge lint[0x1])
Sep 07 18:25:15 kernel: ACPI: LAPIC_NMI (acpi_id[0x12] high edge lint[0x1])
Sep 07 18:25:15 kernel: ACPI: LAPIC_NMI (acpi_id[0x13] high edge lint[0x1])
Sep 07 18:25:15 kernel: ACPI: LAPIC_NMI (acpi_id[0x14] high edge lint[0x1])
Sep 07 18:25:15 kernel: IOAPIC[0]: apic_id 2, version 32, address 0xfec00000, GSI 0-119
Sep 07 18:25:15 kernel: ACPI: INT_SRC_OVR (bus 0 bus_irq 0 global_irq 2 dfl dfl)
Sep 07 18:25:15 kernel: ACPI: INT_SRC_OVR (bus 0 bus_irq 9 global_irq 9 high level)
Sep 07 18:25:15 kernel: ACPI: Using ACPI (MADT) for SMP configuration information
Sep 07 18:25:15 kernel: ACPI: HPET id: 0x8086a201 base: 0xfed00000
Sep 07 18:25:15 kernel: e820: update [mem 0x245e9000-0x24716fff] usable ==> reserved
Sep 07 18:25:15 kernel: TSC deadline timer available
Sep 07 18:25:15 kernel: CPU topo: Max. logical packages:   1
Sep 07 18:25:15 kernel: CPU topo: Max. logical dies:       1
Sep 07 18:25:15 kernel: CPU topo: Max. dies per package:   1
Sep 07 18:25:15 kernel: CPU topo: Max. threads per core:   2
Sep 07 18:25:15 kernel: CPU topo: Num. cores per package:    10
Sep 07 18:25:15 kernel: CPU topo: Num. threads per package:  20
Sep 07 18:25:15 kernel: CPU topo: Allowing 20 present CPUs plus 0 hotplug CPUs
Sep 07 18:25:15 kernel: PM: hibernation: Registered nosave memory: [mem 0x00000000-0x00000fff]
Sep 07 18:25:15 kernel: PM: hibernation: Registered nosave memory: [mem 0x0009e000-0x0009efff]
Sep 07 18:25:15 kernel: PM: hibernation: Registered nosave memory: [mem 0x000a0000-0x000fffff]
Sep 07 18:25:15 kernel: PM: hibernation: Registered nosave memory: [mem 0x245e9000-0x24716fff]
Sep 07 18:25:15 kernel: PM: hibernation: Registered nosave memory: [mem 0x28280000-0x28280fff]
Sep 07 18:25:15 kernel: PM: hibernation: Registered nosave memory: [mem 0x282a4000-0x282a4fff]
Sep 07 18:25:15 kernel: PM: hibernation: Registered nosave memory: [mem 0x2ac3c000-0x2ac3cfff]
Sep 07 18:25:15 kernel: PM: hibernation: Registered nosave memory: [mem 0x2dba4000-0x2fffdfff]
Sep 07 18:25:15 kernel: PM: hibernation: Registered nosave memory: [mem 0x2ffff000-0xffffffff]
Sep 07 18:25:15 kernel: [mem 0x39000000-0xfbffffff] available for PCI devices
Sep 07 18:25:15 kernel: Booting paravirtualized kernel on bare hardware
Sep 07 18:25:15 kernel: clocksource: refined-jiffies: mask: 0xffffffff max_cycles: 0xffffffff, max_idle_ns: 1910969940391419 ns
Sep 07 18:25:15 kernel: setup_percpu: NR_CPUS:8192 nr_cpumask_bits:20 nr_cpu_ids:20 nr_node_ids:1
Sep 07 18:25:15 kernel: percpu: Embedded 83 pages/cpu s217088 r8192 d114688 u524288
Sep 07 18:25:15 kernel: pcpu-alloc: s217088 r8192 d114688 u524288 alloc=1*2097152
Sep 07 18:25:15 kernel: pcpu-alloc: [0] 00 01 02 03 [0] 04 05 06 07 
Sep 07 18:25:15 kernel: pcpu-alloc: [0] 08 09 10 11 [0] 12 13 14 15 
Sep 07 18:25:15 kernel: pcpu-alloc: [0] 16 17 18 19 
Sep 07 18:25:15 kernel: Kernel command line: BOOT_IMAGE=(hd2,gpt2)/ostree/default-c4dfef47f395d025b83a5807b95c2b9e35090d798b1101f1e779adb5998f6e07/vmlinuz-6.16.4-104.bazzite.fc42.x86_64 rhgb quiet root=UUID=9fba10ec-1a7d-44bf-a83a-a265af04142f rootflags=subvol=root rw ostree=/ostree/boot.1/default/c4dfef47f395d025b83a5807b95c2b9e35090d798b1101f1e779adb5998f6e07/0 bluetooth.disable_ertm=1 processor.max_cstate=3 intel_idle.max_cstate=3 intel_pstate=active transparent_hugepage=madvise nvme_core.default_ps_max_latency_us=0 pcie_aspm=off intel_iommu=on iommu=pt threadirqs preempt=full nvidia-drm.modeset=1 nvidia-drm.fbdev=1 pci=realloc mitigations=off mitigations=off processor.max_cstate=3 intel_idle.max_cstate=3 intel_pstate=active transparent_hugepage=madvise nvme_core.default_ps_max_latency_us=0 pcie_aspm=off pci=realloc,assign-busses,nocrs intel_iommu=on iommu=pt threadirqs preempt=full nvidia-drm.modeset=1 nvidia-drm.fbdev=1 mitigations=off
Sep 07 18:25:15 kernel: PCIe ASPM is disabled
Sep 07 18:25:15 kernel: DMAR: IOMMU enabled
Sep 07 18:25:15 kernel: Dynamic Preempt: full
Sep 07 18:25:15 kernel: PCIe ASPM is disabled
Sep 07 18:25:15 kernel: DMAR: IOMMU enabled
Sep 07 18:25:15 kernel: Unknown kernel command line parameters "rhgb BOOT_IMAGE=(hd2,gpt2)/ostree/default-c4dfef47f395d025b83a5807b95c2b9e35090d798b1101f1e779adb5998f6e07/vmlinuz-6.16.4-104.bazzite.fc42.x86_64 ostree=/ostree/boot.1/default/c4dfef47f395d025b83a5807b95c2b9e35090d798b1101f1e779adb5998f6e07/0", will be passed to user space.
Sep 07 18:25:15 kernel: printk: log buffer data + meta data: 262144 + 917504 = 1179648 bytes
Sep 07 18:25:15 kernel: Dentry cache hash table entries: 8388608 (order: 14, 67108864 bytes, linear)
Sep 07 18:25:15 kernel: Inode-cache hash table entries: 4194304 (order: 13, 33554432 bytes, linear)
Sep 07 18:25:15 kernel: software IO TLB: area num 32.
Sep 07 18:25:15 kernel: Fallback order for Node 0: 0 
Sep 07 18:25:15 kernel: Built 1 zonelists, mobility grouping on.  Total pages: 16726849
Sep 07 18:25:15 kernel: Policy zone: Normal
Sep 07 18:25:15 kernel: mem auto-init: stack:all(zero), heap alloc:on, heap free:off
Sep 07 18:25:15 kernel: SLUB: HWalign=64, Order=0-3, MinObjects=0, CPUs=20, Nodes=1
Sep 07 18:25:15 kernel: ftrace: allocating 61421 entries in 240 pages
Sep 07 18:25:15 kernel: ftrace: allocated 240 pages with 4 groups
Sep 07 18:25:15 kernel: rcu: Preemptible hierarchical RCU implementation.
Sep 07 18:25:15 kernel: rcu:         RCU event tracing is enabled.
Sep 07 18:25:15 kernel: rcu:         RCU restricting CPUs from NR_CPUS=8192 to nr_cpu_ids=20.
Sep 07 18:25:15 kernel:         Trampoline variant of Tasks RCU enabled.
Sep 07 18:25:15 kernel:         Rude variant of Tasks RCU enabled.
Sep 07 18:25:15 kernel:         Tracing variant of Tasks RCU enabled.
Sep 07 18:25:15 kernel: rcu: RCU calculated value of scheduler-enlistment delay is 100 jiffies.
Sep 07 18:25:15 kernel: rcu: Adjusting geometry for rcu_fanout_leaf=16, nr_cpu_ids=20
Sep 07 18:25:15 kernel: RCU Tasks: Setting shift to 5 and lim to 1 rcu_task_cb_adjust=1 rcu_task_cpu_ids=20.
Sep 07 18:25:15 kernel: RCU Tasks Rude: Setting shift to 5 and lim to 1 rcu_task_cb_adjust=1 rcu_task_cpu_ids=20.
Sep 07 18:25:15 kernel: RCU Tasks Trace: Setting shift to 5 and lim to 1 rcu_task_cb_adjust=1 rcu_task_cpu_ids=20.
Sep 07 18:25:15 kernel: NR_IRQS: 524544, nr_irqs: 2216, preallocated irqs: 16
Sep 07 18:25:15 kernel: rcu: srcu_init: Setting srcu_struct sizes based on contention.
Sep 07 18:25:15 kernel: kfence: initialized - using 2097152 bytes for 255 objects at 0x(____ptrval____)-0x(____ptrval____)
Sep 07 18:25:15 kernel: Console: colour dummy device 80x25
Sep 07 18:25:15 kernel: printk: legacy console [tty0] enabled
Sep 07 18:25:15 kernel: ACPI: Core revision 20250404
Sep 07 18:25:15 kernel: clocksource: hpet: mask: 0xffffffff max_cycles: 0xffffffff, max_idle_ns: 79635855245 ns
Sep 07 18:25:15 kernel: APIC: Switch to symmetric I/O mode setup
Sep 07 18:25:15 kernel: DMAR: Host address width 39
Sep 07 18:25:15 kernel: DMAR: DRHD base: 0x000000fed91000 flags: 0x1
Sep 07 18:25:15 kernel: DMAR: dmar0: reg_base_addr fed91000 ver 1:0 cap d2008c40660462 ecap f050da
Sep 07 18:25:15 kernel: DMAR: RMRR base: 0x0000002f8da000 end: 0x0000002fb23fff
Sep 07 18:25:15 kernel: DMAR-IR: IOAPIC id 2 under DRHD base  0xfed91000 IOMMU 0
Sep 07 18:25:15 kernel: DMAR-IR: HPET id 0 under DRHD base 0xfed91000
Sep 07 18:25:15 kernel: DMAR-IR: Queued invalidation will be enabled to support x2apic and Intr-remapping.
Sep 07 18:25:15 kernel: DMAR-IR: Enabled IRQ remapping in x2apic mode
Sep 07 18:25:15 kernel: x2apic enabled
Sep 07 18:25:15 kernel: APIC: Switched APIC routing to: cluster x2apic
Sep 07 18:25:15 kernel: ..TIMER: vector=0x30 apic1=0 pin1=2 apic2=-1 pin2=-1
Sep 07 18:25:15 kernel: clocksource: tsc-early: mask: 0xffffffffffffffff max_cycles: 0x33e452fbb2f, max_idle_ns: 440795236593 ns
Sep 07 18:25:15 kernel: Calibrating delay loop (skipped), value calculated using timer frequency.. 7200.00 BogoMIPS (lpj=3600000)
Sep 07 18:25:15 kernel: CPU0: Thermal monitoring enabled (TM1)
Sep 07 18:25:15 kernel: Last level iTLB entries: 4KB 64, 2MB 8, 4MB 8
Sep 07 18:25:15 kernel: Last level dTLB entries: 4KB 64, 2MB 32, 4MB 32, 1GB 4
Sep 07 18:25:15 kernel: process: using mwait in idle threads
Sep 07 18:25:15 kernel: Speculative Store Bypass: Vulnerable
Sep 07 18:25:15 kernel: Spectre V2 : User space: Vulnerable
Sep 07 18:25:15 kernel: GDS: Vulnerable
Sep 07 18:25:15 kernel: x86/fpu: Supporting XSAVE feature 0x001: 'x87 floating point registers'
Sep 07 18:25:15 kernel: x86/fpu: Supporting XSAVE feature 0x002: 'SSE registers'
Sep 07 18:25:15 kernel: x86/fpu: Supporting XSAVE feature 0x004: 'AVX registers'
Sep 07 18:25:15 kernel: x86/fpu: Supporting XSAVE feature 0x008: 'MPX bounds registers'
Sep 07 18:25:15 kernel: x86/fpu: Supporting XSAVE feature 0x010: 'MPX CSR'
Sep 07 18:25:15 kernel: x86/fpu: Supporting XSAVE feature 0x200: 'Protection Keys User registers'
Sep 07 18:25:15 kernel: x86/fpu: xstate_offset[2]:  576, xstate_sizes[2]:  256
Sep 07 18:25:15 kernel: x86/fpu: xstate_offset[3]:  832, xstate_sizes[3]:   64
Sep 07 18:25:15 kernel: x86/fpu: xstate_offset[4]:  896, xstate_sizes[4]:   64
Sep 07 18:25:15 kernel: x86/fpu: xstate_offset[9]:  960, xstate_sizes[9]:    8
Sep 07 18:25:15 kernel: x86/fpu: Enabled xstate features 0x21f, context size is 968 bytes, using 'compacted' format.
Sep 07 18:25:15 kernel: Freeing SMP alternatives memory: 56K
Sep 07 18:25:15 kernel: pid_max: default: 32768 minimum: 301
Sep 07 18:25:15 kernel: LSM: initializing lsm=capability,lockdown,yama,selinux,bpf,landlock,ipe,ima,evm
Sep 07 18:25:15 kernel: Yama: becoming mindful.
Sep 07 18:25:15 kernel: SELinux:  Initializing.
Sep 07 18:25:15 kernel: LSM support for eBPF active
Sep 07 18:25:15 kernel: landlock: Up and running.
Sep 07 18:25:15 kernel: Mount-cache hash table entries: 131072 (order: 8, 1048576 bytes, linear)
Sep 07 18:25:15 kernel: Mountpoint-cache hash table entries: 131072 (order: 8, 1048576 bytes, linear)
Sep 07 18:25:15 kernel: smpboot: CPU0: Intel(R) Core(TM) i9-10850K CPU @ 3.60GHz (family: 0x6, model: 0xa5, stepping: 0x5)
Sep 07 18:25:15 kernel: Performance Events: PEBS fmt3+, Skylake events, 32-deep LBR, full-width counters, Intel PMU driver.
Sep 07 18:25:15 kernel: ... version:                4
Sep 07 18:25:15 kernel: ... bit width:              48
Sep 07 18:25:15 kernel: ... generic registers:      4
Sep 07 18:25:15 kernel: ... value mask:             0000ffffffffffff
Sep 07 18:25:15 kernel: ... max period:             00007fffffffffff
Sep 07 18:25:15 kernel: ... fixed-purpose events:   3
Sep 07 18:25:15 kernel: ... event mask:             000000070000000f
Sep 07 18:25:15 kernel: signal: max sigframe size: 3632
Sep 07 18:25:15 kernel: Estimated ratio of average max frequency by base frequency (times 1024): 1365
Sep 07 18:25:15 kernel: rcu: Hierarchical SRCU implementation.
Sep 07 18:25:15 kernel: rcu:         Max phase no-delay instances is 400.
Sep 07 18:25:15 kernel: Timer migration: 2 hierarchy levels; 8 children per group; 2 crossnode level
Sep 07 18:25:15 kernel: NMI watchdog: Enabled. Permanently consumes one hw-PMU counter.
Sep 07 18:25:15 kernel: smp: Bringing up secondary CPUs ...
Sep 07 18:25:15 kernel: smpboot: x86: Booting SMP configuration:
Sep 07 18:25:15 kernel: .... node  #0, CPUs:        #1  #2  #3  #4  #5  #6  #7  #8  #9 #10 #11 #12 #13 #14 #15 #16 #17 #18 #19
Sep 07 18:25:15 kernel: smp: Brought up 1 node, 20 CPUs
Sep 07 18:25:15 kernel: smpboot: Total of 20 processors activated (144000.00 BogoMIPS)
Sep 07 18:25:15 kernel: Memory: 65265444K/66907396K available (21820K kernel code, 4522K rwdata, 17872K rodata, 5088K init, 6236K bss, 1605676K reserved, 0K cma-reserved)
Sep 07 18:25:15 kernel: devtmpfs: initialized
Sep 07 18:25:15 kernel: x86/mm: Memory block size: 2048MB
Sep 07 18:25:15 kernel: ACPI: PM: Registering ACPI NVS region [mem 0x28280000-0x28280fff] (4096 bytes)
Sep 07 18:25:15 kernel: ACPI: PM: Registering ACPI NVS region [mem 0x2f2cf000-0x2f404fff] (1269760 bytes)
Sep 07 18:25:15 kernel: clocksource: jiffies: mask: 0xffffffff max_cycles: 0xffffffff, max_idle_ns: 1911260446275000 ns
Sep 07 18:25:15 kernel: posixtimers hash table entries: 16384 (order: 6, 262144 bytes, linear)
Sep 07 18:25:15 kernel: futex hash table entries: 8192 (524288 bytes on 1 NUMA nodes, total 512 KiB, linear).
Sep 07 18:25:15 kernel: pinctrl core: initialized pinctrl subsystem
Sep 07 18:25:15 kernel: PM: RTC time: 22:25:11, date: 2025-09-07
Sep 07 18:25:15 kernel: NET: Registered PF_NETLINK/PF_ROUTE protocol family
Sep 07 18:25:15 kernel: DMA: preallocated 4096 KiB GFP_KERNEL pool for atomic allocations
Sep 07 18:25:15 kernel: DMA: preallocated 4096 KiB GFP_KERNEL|GFP_DMA pool for atomic allocations
Sep 07 18:25:15 kernel: DMA: preallocated 4096 KiB GFP_KERNEL|GFP_DMA32 pool for atomic allocations
Sep 07 18:25:15 kernel: audit: initializing netlink subsys (disabled)
Sep 07 18:25:15 kernel: audit: type=2000 audit(1757283911.059:1): state=initialized audit_enabled=0 res=1
Sep 07 18:25:15 kernel: thermal_sys: Registered thermal governor 'fair_share'
Sep 07 18:25:15 kernel: thermal_sys: Registered thermal governor 'bang_bang'
Sep 07 18:25:15 kernel: thermal_sys: Registered thermal governor 'step_wise'
Sep 07 18:25:15 kernel: thermal_sys: Registered thermal governor 'user_space'
Sep 07 18:25:15 kernel: cpuidle: using governor menu
Sep 07 18:25:15 kernel: ACPI FADT declares the system doesn't support PCIe ASPM, so disable it
Sep 07 18:25:15 kernel: acpiphp: ACPI Hot Plug PCI Controller Driver version: 0.5
Sep 07 18:25:15 kernel: PCI: ECAM [mem 0xe0000000-0xefffffff] (base 0xe0000000) for domain 0000 [bus 00-ff]
Sep 07 18:25:15 kernel: PCI: Using configuration type 1 for base access
Sep 07 18:25:15 kernel: kprobes: kprobe jump-optimization is enabled. All kprobes are optimized if possible.
Sep 07 18:25:15 kernel: HugeTLB: allocation took 0ms with hugepage_allocation_threads=5
Sep 07 18:25:15 kernel: HugeTLB: registered 1.00 GiB page size, pre-allocated 0 pages
Sep 07 18:25:15 kernel: HugeTLB: 16380 KiB vmemmap can be freed for a 1.00 GiB page
Sep 07 18:25:15 kernel: HugeTLB: registered 2.00 MiB page size, pre-allocated 0 pages
Sep 07 18:25:15 kernel: HugeTLB: 28 KiB vmemmap can be freed for a 2.00 MiB page
Sep 07 18:25:15 kernel: raid6: skipped pq benchmark and selected avx2x4
Sep 07 18:25:15 kernel: raid6: using avx2x2 recovery algorithm
Sep 07 18:25:15 kernel: ACPI: Added _OSI(Module Device)
Sep 07 18:25:15 kernel: ACPI: Added _OSI(Processor Device)
Sep 07 18:25:15 kernel: ACPI: Added _OSI(Processor Aggregator Device)
Sep 07 18:25:15 kernel: ACPI: 12 ACPI AML tables successfully acquired and loaded
Sep 07 18:25:15 kernel: ACPI: Dynamic OEM Table Load:
Sep 07 18:25:15 kernel: ACPI: SSDT 0xFFFF8ACE82B37800 000444 (v02 PmRef  Cpu0Cst  00003001 INTL 20160527)
Sep 07 18:25:15 kernel: ACPI: Dynamic OEM Table Load:
Sep 07 18:25:15 kernel: ACPI: SSDT 0xFFFF8ACE82B37000 0006CB (v02 PmRef  Cpu0Ist  00003000 INTL 20160527)
Sep 07 18:25:15 kernel: ACPI: Dynamic OEM Table Load:
Sep 07 18:25:15 kernel: ACPI: SSDT 0xFFFF8ACE81569300 0000FC (v02 PmRef  Cpu0Psd  00003000 INTL 20160527)
Sep 07 18:25:15 kernel: ACPI: Dynamic OEM Table Load:
Sep 07 18:25:15 kernel: ACPI: SSDT 0xFFFF8ACE82B4B000 0002CC (v02 PmRef  Cpu0Hwp  00003000 INTL 20160527)
Sep 07 18:25:15 kernel: ACPI: Dynamic OEM Table Load:
Sep 07 18:25:15 kernel: ACPI: SSDT 0xFFFF8ACE82B50000 000BEA (v02 PmRef  HwpLvt   00003000 INTL 20160527)
Sep 07 18:25:15 kernel: ACPI: Dynamic OEM Table Load:
Sep 07 18:25:15 kernel: ACPI: SSDT 0xFFFF8ACE82B31800 000778 (v02 PmRef  ApIst    00003000 INTL 20160527)
Sep 07 18:25:15 kernel: ACPI: Dynamic OEM Table Load:
Sep 07 18:25:15 kernel: ACPI: SSDT 0xFFFF8ACE82B4F000 0003D7 (v02 PmRef  ApHwp    00003000 INTL 20160527)
Sep 07 18:25:15 kernel: ACPI: Dynamic OEM Table Load:
Sep 07 18:25:15 kernel: ACPI: SSDT 0xFFFF8ACE82B55000 000D22 (v02 PmRef  ApPsd    00003000 INTL 20160527)
Sep 07 18:25:15 kernel: ACPI: Dynamic OEM Table Load:
Sep 07 18:25:15 kernel: ACPI: SSDT 0xFFFF8ACE830D7000 0003CA (v02 PmRef  ApCst    00003000 INTL 20160527)
Sep 07 18:25:15 kernel: ACPI: Interpreter enabled
Sep 07 18:25:15 kernel: ACPI: PM: (supports S0 S3 S4 S5)
Sep 07 18:25:15 kernel: ACPI: Using IOAPIC for interrupt routing
Sep 07 18:25:15 kernel: PCI: Ignoring host bridge windows from ACPI; if necessary, use "pci=use_crs" and report a bug
Sep 07 18:25:15 kernel: PCI: Ignoring E820 reservations for host bridge windows
Sep 07 18:25:15 kernel: ACPI: Enabled 10 GPEs in block 00 to 7F
Sep 07 18:25:15 kernel: ACPI: \_SB_.PCI0.PEG2.PG02: New power resource
Sep 07 18:25:15 kernel: ACPI: \_SB_.PCI0.PEG3.PG03: New power resource
Sep 07 18:25:15 kernel: ACPI: \_SB_.PCI0.XDCI.USBC: New power resource
Sep 07 18:25:15 kernel: ACPI: \_SB_.PCI0.SAT0.VOL0.V0PR: New power resource
Sep 07 18:25:15 kernel: ACPI: \_SB_.PCI0.SAT0.VOL1.V1PR: New power resource
Sep 07 18:25:15 kernel: ACPI: \_SB_.PCI0.SAT0.VOL2.V2PR: New power resource
Sep 07 18:25:15 kernel: ACPI: \_SB_.PCI0.I2C1.PXTC: New power resource
Sep 07 18:25:15 kernel: ACPI: \_SB_.PCI0.CNVW.WRST: New power resource
Sep 07 18:25:15 kernel: ACPI: \_SB_.PCI0.PAUD: New power resource
Sep 07 18:25:15 kernel: ACPI: \_TZ_.FN00: New power resource
Sep 07 18:25:15 kernel: ACPI: \_TZ_.FN01: New power resource
Sep 07 18:25:15 kernel: ACPI: \_TZ_.FN02: New power resource
Sep 07 18:25:15 kernel: ACPI: \_TZ_.FN03: New power resource
Sep 07 18:25:15 kernel: ACPI: \_TZ_.FN04: New power resource
Sep 07 18:25:15 kernel: ACPI: \PIN_: New power resource
Sep 07 18:25:15 kernel: ACPI: \SPR0: New power resource
Sep 07 18:25:15 kernel: ACPI: \SPR1: New power resource
Sep 07 18:25:15 kernel: ACPI: \SPR2: New power resource
Sep 07 18:25:15 kernel: ACPI: \SPR3: New power resource
Sep 07 18:25:15 kernel: ACPI: \SPR5: New power resource
Sep 07 18:25:15 kernel: ACPI: \ZPDR: New power resource
Sep 07 18:25:15 kernel: ACPI: PCI Root Bridge [PCI0] (domain 0000 [bus 00-fe])
Sep 07 18:25:15 kernel: acpi PNP0A08:00: _OSC: OS supports [ExtendedConfig Segments MSI EDR HPX-Type3]
Sep 07 18:25:15 kernel: acpi PNP0A08:00: _OSC: not requesting OS control; OS requires [ExtendedConfig ASPM ClockPM MSI]
Sep 07 18:25:15 kernel: acpi PNP0A08:00: FADT indicates ASPM is unsupported, using BIOS configuration
Sep 07 18:25:15 kernel: acpi PNP0A08:00: host bridge window [io  0x0000-0x0cf7 window] (ignored)
Sep 07 18:25:15 kernel: acpi PNP0A08:00: host bridge window [io  0x0cf8-0x0cff] (ignored)
Sep 07 18:25:15 kernel: acpi PNP0A08:00: host bridge window [io  0x0d00-0xffff window] (ignored)
Sep 07 18:25:15 kernel: acpi PNP0A08:00: host bridge window [mem 0x000a0000-0x000bffff window] (ignored)
Sep 07 18:25:15 kernel: acpi PNP0A08:00: host bridge window [mem 0x000e0000-0x000e3fff window] (ignored)
Sep 07 18:25:15 kernel: acpi PNP0A08:00: host bridge window [mem 0x000e4000-0x000e7fff window] (ignored)
Sep 07 18:25:15 kernel: acpi PNP0A08:00: host bridge window [mem 0x000e8000-0x000ebfff window] (ignored)
Sep 07 18:25:15 kernel: acpi PNP0A08:00: host bridge window [mem 0x000ec000-0x000effff window] (ignored)
Sep 07 18:25:15 kernel: acpi PNP0A08:00: host bridge window [mem 0x000f0000-0x000fffff window] (ignored)
Sep 07 18:25:15 kernel: acpi PNP0A08:00: host bridge window [mem 0x39000000-0xdfffffff window] (ignored)
Sep 07 18:25:15 kernel: acpi PNP0A08:00: host bridge window [mem 0x4000000000-0x7fffffffff window] (ignored)
Sep 07 18:25:15 kernel: acpi PNP0A08:00: host bridge window [mem 0xfc800000-0xfe7fffff window] (ignored)
Sep 07 18:25:15 kernel: PCI: root bus 00: using default resources
Sep 07 18:25:15 kernel: PCI host bridge to bus 0000:00
Sep 07 18:25:15 kernel: pci_bus 0000:00: root bus resource [io  0x0000-0xffff]
Sep 07 18:25:15 kernel: pci_bus 0000:00: root bus resource [mem 0x00000000-0x7fffffffff]
Sep 07 18:25:15 kernel: pci_bus 0000:00: root bus resource [bus 00-fe]
Sep 07 18:25:15 kernel: pci 0000:00:00.0: [8086:9b33] type 00 class 0x060000 conventional PCI endpoint
Sep 07 18:25:15 kernel: pci 0000:00:01.0: [8086:1901] type 01 class 0x060400 PCIe Root Port
Sep 07 18:25:15 kernel: pci 0000:00:01.0: PCI bridge to [bus 01]
Sep 07 18:25:15 kernel: pci 0000:00:01.0:   bridge window [io  0x3000-0x3fff]
Sep 07 18:25:15 kernel: pci 0000:00:01.0:   bridge window [mem 0x3c000000-0x400fffff]
Sep 07 18:25:15 kernel: pci 0000:00:01.0:   bridge window [mem 0x4000000000-0x4401ffffff 64bit pref]
Sep 07 18:25:15 kernel: pci 0000:00:01.0: PME# supported from D0 D3hot D3cold
Sep 07 18:25:15 kernel: pci 0000:00:12.0: [8086:06f9] type 00 class 0x118000 conventional PCI endpoint
Sep 07 18:25:15 kernel: pci 0000:00:12.0: BAR 0 [mem 0x4402015000-0x4402015fff 64bit]
Sep 07 18:25:15 kernel: pci 0000:00:14.0: [8086:06ed] type 00 class 0x0c0330 conventional PCI endpoint
Sep 07 18:25:15 kernel: pci 0000:00:14.0: BAR 0 [mem 0x4402000000-0x440200ffff 64bit]
Sep 07 18:25:15 kernel: pci 0000:00:14.0: PME# supported from D3hot D3cold
Sep 07 18:25:15 kernel: pci 0000:00:14.2: [8086:06ef] type 00 class 0x050000 conventional PCI endpoint
Sep 07 18:25:15 kernel: pci 0000:00:14.2: BAR 0 [mem 0x4402010000-0x4402011fff 64bit]
Sep 07 18:25:15 kernel: pci 0000:00:14.2: BAR 2 [mem 0x4402014000-0x4402014fff 64bit]
Sep 07 18:25:15 kernel: pci 0000:00:16.0: [8086:06e0] type 00 class 0x078000 conventional PCI endpoint
Sep 07 18:25:15 kernel: pci 0000:00:16.0: BAR 0 [mem 0x4402013000-0x4402013fff 64bit]
Sep 07 18:25:15 kernel: pci 0000:00:16.0: PME# supported from D3hot
Sep 07 18:25:15 kernel: pci 0000:00:17.0: [8086:06d2] type 00 class 0x010601 conventional PCI endpoint
Sep 07 18:25:15 kernel: pci 0000:00:17.0: BAR 0 [mem 0x40700000-0x40701fff]
Sep 07 18:25:15 kernel: pci 0000:00:17.0: BAR 1 [mem 0x40703000-0x407030ff]
Sep 07 18:25:15 kernel: pci 0000:00:17.0: BAR 2 [io  0x4050-0x4057]
Sep 07 18:25:15 kernel: pci 0000:00:17.0: BAR 3 [io  0x4040-0x4043]
Sep 07 18:25:15 kernel: pci 0000:00:17.0: BAR 4 [io  0x4020-0x403f]
Sep 07 18:25:15 kernel: pci 0000:00:17.0: BAR 5 [mem 0x40702000-0x407027ff]
Sep 07 18:25:15 kernel: pci 0000:00:17.0: PME# supported from D3hot
Sep 07 18:25:15 kernel: pci 0000:00:1b.0: [8086:06c0] type 01 class 0x060400 PCIe Root Port
Sep 07 18:25:15 kernel: pci 0000:00:1b.0: PCI bridge to [bus 02]
Sep 07 18:25:15 kernel: pci 0000:00:1b.0: PME# supported from D0 D3hot D3cold
Sep 07 18:25:15 kernel: pci 0000:00:1b.3: [8086:06c3] type 01 class 0x060400 PCIe Root Port
Sep 07 18:25:15 kernel: pci 0000:00:1b.3: PCI bridge to [bus 03]
Sep 07 18:25:15 kernel: pci 0000:00:1b.3:   bridge window [mem 0x40600000-0x406fffff]
Sep 07 18:25:15 kernel: pci 0000:00:1b.3: PME# supported from D0 D3hot D3cold
Sep 07 18:25:15 kernel: pci 0000:00:1b.3: PTM enabled (root), 4ns granularity
Sep 07 18:25:15 kernel: pci 0000:00:1b.4: [8086:06ac] type 01 class 0x060400 PCIe Root Port
Sep 07 18:25:15 kernel: pci 0000:00:1b.4: PCI bridge to [bus 04]
Sep 07 18:25:15 kernel: pci 0000:00:1b.4:   bridge window [mem 0x40500000-0x405fffff]
Sep 07 18:25:15 kernel: pci 0000:00:1b.4: PME# supported from D0 D3hot D3cold
Sep 07 18:25:15 kernel: pci 0000:00:1b.4: PTM enabled (root), 4ns granularity
Sep 07 18:25:15 kernel: pci 0000:00:1c.0: [8086:06b8] type 01 class 0x060400 PCIe Root Port
Sep 07 18:25:15 kernel: pci 0000:00:1c.0: PCI bridge to [bus 05]
Sep 07 18:25:15 kernel: pci 0000:00:1c.0: PME# supported from D0 D3hot D3cold
Sep 07 18:25:15 kernel: pci 0000:00:1c.1: [8086:06b9] type 01 class 0x060400 PCIe Root Port
Sep 07 18:25:15 kernel: pci 0000:00:1c.1: PCI bridge to [bus 06]
Sep 07 18:25:15 kernel: pci 0000:00:1c.1:   bridge window [mem 0x40100000-0x403fffff]
Sep 07 18:25:15 kernel: pci 0000:00:1c.1: PME# supported from D0 D3hot D3cold
Sep 07 18:25:15 kernel: pci 0000:00:1c.1: PTM enabled (root), 4ns granularity
Sep 07 18:25:15 kernel: pci 0000:00:1c.4: [8086:06bc] type 01 class 0x060400 PCIe Root Port
Sep 07 18:25:15 kernel: pci 0000:00:1c.4: PCI bridge to [bus 07]
Sep 07 18:25:15 kernel: pci 0000:00:1c.4: PME# supported from D0 D3hot D3cold
Sep 07 18:25:15 kernel: pci 0000:00:1d.0: [8086:06b0] type 01 class 0x060400 PCIe Root Port
Sep 07 18:25:15 kernel: pci 0000:00:1d.0: PCI bridge to [bus 08]
Sep 07 18:25:15 kernel: pci 0000:00:1d.0:   bridge window [mem 0x40400000-0x404fffff]
Sep 07 18:25:15 kernel: pci 0000:00:1d.0: PME# supported from D0 D3hot D3cold
Sep 07 18:25:15 kernel: pci 0000:00:1d.0: PTM enabled (root), 4ns granularity
Sep 07 18:25:15 kernel: pci 0000:00:1d.4: [8086:06b4] type 01 class 0x060400 PCIe Root Port
Sep 07 18:25:15 kernel: pci 0000:00:1d.4: PCI bridge to [bus 09]
Sep 07 18:25:15 kernel: pci 0000:00:1d.4: PME# supported from D0 D3hot D3cold
Sep 07 18:25:15 kernel: pci 0000:00:1f.0: [8086:0685] type 00 class 0x060100 conventional PCI endpoint
Sep 07 18:25:15 kernel: pci 0000:00:1f.4: [8086:06a3] type 00 class 0x0c0500 conventional PCI endpoint
Sep 07 18:25:15 kernel: pci 0000:00:1f.4: BAR 0 [mem 0x4402012000-0x44020120ff 64bit]
Sep 07 18:25:15 kernel: pci 0000:00:1f.4: BAR 4 [io  0xefa0-0xefbf]
Sep 07 18:25:15 kernel: pci 0000:00:1f.5: [8086:06a4] type 00 class 0x0c8000 conventional PCI endpoint
Sep 07 18:25:15 kernel: pci 0000:00:1f.5: BAR 0 [mem 0xfe010000-0xfe010fff]
Sep 07 18:25:15 kernel: pci 0000:01:00.0: [10de:2c02] type 00 class 0x030000 PCIe Legacy Endpoint
Sep 07 18:25:15 kernel: pci 0000:01:00.0: BAR 0 [mem 0x3c000000-0x3fffffff]
Sep 07 18:25:15 kernel: pci 0000:01:00.0: BAR 1 [mem 0x4000000000-0x43ffffffff 64bit pref]
Sep 07 18:25:15 kernel: pci 0000:01:00.0: BAR 3 [mem 0x4400000000-0x4401ffffff 64bit pref]
Sep 07 18:25:15 kernel: pci 0000:01:00.0: BAR 5 [io  0x3000-0x307f]
Sep 07 18:25:15 kernel: pci 0000:01:00.0: ROM [mem 0x40000000-0x4007ffff pref]
Sep 07 18:25:15 kernel: pci 0000:01:00.0: Enabling HDA controller
Sep 07 18:25:15 kernel: pci 0000:01:00.0: PME# supported from D0 D3hot
Sep 07 18:25:15 kernel: pci 0000:01:00.0: VF BAR 0 [mem 0x00000000-0x0003ffff 64bit pref]
Sep 07 18:25:15 kernel: pci 0000:01:00.0: VF BAR 0 [mem 0x00000000-0x0003ffff 64bit pref]: contains BAR 0 for 1 VFs
Sep 07 18:25:15 kernel: pci 0000:01:00.0: VF BAR 2 [mem 0x00000000-0x0fffffff 64bit pref]
Sep 07 18:25:15 kernel: pci 0000:01:00.0: VF BAR 2 [mem 0x00000000-0x0fffffff 64bit pref]: contains BAR 2 for 1 VFs
Sep 07 18:25:15 kernel: pci 0000:01:00.0: VF BAR 4 [mem 0x00000000-0x01ffffff 64bit pref]
Sep 07 18:25:15 kernel: pci 0000:01:00.0: VF BAR 4 [mem 0x00000000-0x01ffffff 64bit pref]: contains BAR 4 for 1 VFs
Sep 07 18:25:15 kernel: pci 0000:01:00.0: 126.016 Gb/s available PCIe bandwidth, limited by 8.0 GT/s PCIe x16 link at 0000:00:01.0 (capable of 504.112 Gb/s with 32.0 GT/s PCIe x16 link)
Sep 07 18:25:15 kernel: pci 0000:01:00.1: [10de:22e9] type 00 class 0x040300 PCIe Endpoint
Sep 07 18:25:15 kernel: pci 0000:01:00.1: BAR 0 [mem 0x40080000-0x40083fff]
Sep 07 18:25:15 kernel: pci 0000:00:01.0: PCI bridge to [bus 01-fe]
Sep 07 18:25:15 kernel: pci_bus 0000:01: busn_res: [bus 01-fe] end is updated to 01
Sep 07 18:25:15 kernel: acpiphp: Slot [1] registered
Sep 07 18:25:15 kernel: pci 0000:00:1b.0: PCI bridge to [bus 02-fe]
Sep 07 18:25:15 kernel: pci_bus 0000:02: busn_res: [bus 02-fe] end is updated to 02
Sep 07 18:25:15 kernel: pci 0000:03:00.0: [1102:0012] type 00 class 0x040300 PCIe Endpoint
Sep 07 18:25:15 kernel: pci 0000:03:00.0: BAR 0 [mem 0x40604000-0x40607fff 64bit]
Sep 07 18:25:15 kernel: pci 0000:03:00.0: BAR 2 [mem 0x40600000-0x40603fff 64bit]
Sep 07 18:25:15 kernel: pci 0000:03:00.0: supports D2
Sep 07 18:25:15 kernel: pci 0000:00:1b.3: PCI bridge to [bus 03-fe]
Sep 07 18:25:15 kernel: pci_bus 0000:03: busn_res: [bus 03-fe] end is updated to 03
Sep 07 18:25:15 kernel: pci 0000:04:00.0: [144d:a80d] type 00 class 0x010802 PCIe Endpoint
Sep 07 18:25:15 kernel: pci 0000:04:00.0: BAR 0 [mem 0x40500000-0x40503fff 64bit]
Sep 07 18:25:15 kernel: pci 0000:04:00.0: 31.504 Gb/s available PCIe bandwidth, limited by 8.0 GT/s PCIe x4 link at 0000:00:1b.4 (capable of 126.028 Gb/s with 32.0 GT/s PCIe x4 link)
Sep 07 18:25:15 kernel: pci 0000:00:1b.4: PCI bridge to [bus 04-fe]
Sep 07 18:25:15 kernel: pci_bus 0000:04: busn_res: [bus 04-fe] end is updated to 04
Sep 07 18:25:15 kernel: acpiphp: Slot [1-1] registered
Sep 07 18:25:15 kernel: pci 0000:00:1c.0: PCI bridge to [bus 05-fe]
Sep 07 18:25:15 kernel: pci_bus 0000:05: busn_res: [bus 05-fe] end is updated to 05
Sep 07 18:25:15 kernel: pci 0000:06:00.0: [8086:15f3] type 00 class 0x020000 PCIe Endpoint
Sep 07 18:25:15 kernel: pci 0000:06:00.0: BAR 0 [mem 0x40200000-0x402fffff]
Sep 07 18:25:15 kernel: pci 0000:06:00.0: BAR 3 [mem 0x40300000-0x40303fff]
Sep 07 18:25:15 kernel: pci 0000:06:00.0: ROM [mem 0x40100000-0x401fffff pref]
Sep 07 18:25:15 kernel: pci 0000:06:00.0: PME# supported from D0 D3hot D3cold
Sep 07 18:25:15 kernel: pci 0000:00:1c.1: PCI bridge to [bus 06-fe]
Sep 07 18:25:15 kernel: pci_bus 0000:06: busn_res: [bus 06-fe] end is updated to 06
Sep 07 18:25:15 kernel: acpiphp: Slot [1-2] registered
Sep 07 18:25:15 kernel: pci 0000:00:1c.4: PCI bridge to [bus 07-fe]
Sep 07 18:25:15 kernel: pci_bus 0000:07: busn_res: [bus 07-fe] end is updated to 07
Sep 07 18:25:15 kernel: pci 0000:08:00.0: [144d:a80d] type 00 class 0x010802 PCIe Endpoint
Sep 07 18:25:15 kernel: pci 0000:08:00.0: BAR 0 [mem 0x40400000-0x40403fff 64bit]
Sep 07 18:25:15 kernel: pci 0000:08:00.0: 31.504 Gb/s available PCIe bandwidth, limited by 8.0 GT/s PCIe x4 link at 0000:00:1d.0 (capable of 126.028 Gb/s with 32.0 GT/s PCIe x4 link)
Sep 07 18:25:15 kernel: pci 0000:00:1d.0: PCI bridge to [bus 08-fe]
Sep 07 18:25:15 kernel: pci_bus 0000:08: busn_res: [bus 08-fe] end is updated to 08
Sep 07 18:25:15 kernel: acpiphp: Slot [1-3] registered
Sep 07 18:25:15 kernel: pci 0000:00:1d.4: PCI bridge to [bus 09-fe]
Sep 07 18:25:15 kernel: pci_bus 0000:09: busn_res: [bus 09-fe] end is updated to 09
Sep 07 18:25:15 kernel: ACPI: PCI: Interrupt link LNKA configured for IRQ 0
Sep 07 18:25:15 kernel: ACPI: PCI: Interrupt link LNKB configured for IRQ 1
Sep 07 18:25:15 kernel: ACPI: PCI: Interrupt link LNKC configured for IRQ 0
Sep 07 18:25:15 kernel: ACPI: PCI: Interrupt link LNKD configured for IRQ 0
Sep 07 18:25:15 kernel: ACPI: PCI: Interrupt link LNKE configured for IRQ 0
Sep 07 18:25:15 kernel: ACPI: PCI: Interrupt link LNKF configured for IRQ 0
Sep 07 18:25:15 kernel: ACPI: PCI: Interrupt link LNKG configured for IRQ 0
Sep 07 18:25:15 kernel: ACPI: PCI: Interrupt link LNKH configured for IRQ 0
Sep 07 18:25:15 kernel: iommu: Default domain type: Passthrough (set via kernel command line)
Sep 07 18:25:15 kernel: SCSI subsystem initialized
Sep 07 18:25:15 kernel: libata version 3.00 loaded.
Sep 07 18:25:15 kernel: ACPI: bus type USB registered
Sep 07 18:25:15 kernel: usbcore: registered new interface driver usbfs
Sep 07 18:25:15 kernel: usbcore: registered new interface driver hub
Sep 07 18:25:15 kernel: usbcore: registered new device driver usb
Sep 07 18:25:15 kernel: pps_core: LinuxPPS API ver. 1 registered
Sep 07 18:25:15 kernel: pps_core: Software ver. 5.3.6 - Copyright 2005-2007 Rodolfo Giometti <giometti@linux.it>
Sep 07 18:25:15 kernel: PTP clock support registered
Sep 07 18:25:15 kernel: EDAC MC: Ver: 3.0.0
Sep 07 18:25:15 kernel: efivars: Registered efivars operations
Sep 07 18:25:15 kernel: NetLabel: Initializing
Sep 07 18:25:15 kernel: NetLabel:  domain hash size = 128
Sep 07 18:25:15 kernel: NetLabel:  protocols = UNLABELED CIPSOv4 CALIPSO
Sep 07 18:25:15 kernel: NetLabel:  unlabeled traffic allowed by default
Sep 07 18:25:15 kernel: mctp: management component transport protocol core
Sep 07 18:25:15 kernel: NET: Registered PF_MCTP protocol family
Sep 07 18:25:15 kernel: PCI: Using ACPI for IRQ routing
Sep 07 18:25:15 kernel: PCI: pci_cache_line_size set to 64 bytes
Sep 07 18:25:15 kernel: e820: reserve RAM buffer [mem 0x0009e000-0x0009ffff]
Sep 07 18:25:15 kernel: e820: reserve RAM buffer [mem 0x245e9000-0x27ffffff]
Sep 07 18:25:15 kernel: e820: reserve RAM buffer [mem 0x28280000-0x2bffffff]
Sep 07 18:25:15 kernel: e820: reserve RAM buffer [mem 0x282a4000-0x2bffffff]
Sep 07 18:25:15 kernel: e820: reserve RAM buffer [mem 0x2ac3c000-0x2bffffff]
Sep 07 18:25:15 kernel: e820: reserve RAM buffer [mem 0x2dba4000-0x2fffffff]
Sep 07 18:25:15 kernel: e820: reserve RAM buffer [mem 0x2ffff000-0x2fffffff]
Sep 07 18:25:15 kernel: e820: reserve RAM buffer [mem 0x10c6000000-0x10c7ffffff]
Sep 07 18:25:15 kernel: pci 0000:01:00.0: vgaarb: setting as boot VGA device
Sep 07 18:25:15 kernel: pci 0000:01:00.0: vgaarb: bridge control possible
Sep 07 18:25:15 kernel: pci 0000:01:00.0: vgaarb: VGA device added: decodes=io+mem,owns=none,locks=none
Sep 07 18:25:15 kernel: vgaarb: loaded
Sep 07 18:25:15 kernel: Monitor-Mwait will be used to enter C-1 state
Sep 07 18:25:15 kernel: Monitor-Mwait will be used to enter C-2 state
Sep 07 18:25:15 kernel: Monitor-Mwait will be used to enter C-3 state
Sep 07 18:25:15 kernel: hpet0: at MMIO 0xfed00000, IRQs 2, 8, 0, 0, 0, 0, 0, 0
Sep 07 18:25:15 kernel: hpet0: 8 comparators, 64-bit 24.000000 MHz counter
Sep 07 18:25:15 kernel: clocksource: Switched to clocksource tsc-early
Sep 07 18:25:15 kernel: VFS: Disk quotas dquot_6.6.0
Sep 07 18:25:15 kernel: VFS: Dquot-cache hash table entries: 512 (order 0, 4096 bytes)
Sep 07 18:25:15 kernel: pnp: PnP ACPI init
Sep 07 18:25:15 kernel: system 00:00: [io  0x0a00-0x0a2f] has been reserved
Sep 07 18:25:15 kernel: system 00:00: [io  0x0a30-0x0a3f] has been reserved
Sep 07 18:25:15 kernel: system 00:00: [io  0x0a40-0x0a4f] has been reserved
Sep 07 18:25:15 kernel: system 00:01: [io  0x0680-0x069f] has been reserved
Sep 07 18:25:15 kernel: system 00:01: [io  0x164e-0x164f] has been reserved
Sep 07 18:25:15 kernel: system 00:02: [mem 0xfc000000-0xfc00ffff] has been reserved
Sep 07 18:25:15 kernel: system 00:03: [io  0x1800-0x18fe] could not be reserved
Sep 07 18:25:15 kernel: system 00:03: [mem 0xfd000000-0xfd69ffff] has been reserved
Sep 07 18:25:15 kernel: system 00:03: [mem 0xfd6c0000-0xfd6cffff] has been reserved
Sep 07 18:25:15 kernel: system 00:03: [mem 0xfd6f0000-0xfdffffff] has been reserved
Sep 07 18:25:15 kernel: system 00:03: [mem 0xfe000000-0xfe01ffff] could not be reserved
Sep 07 18:25:15 kernel: system 00:03: [mem 0xfe200000-0xfe7fffff] has been reserved
Sep 07 18:25:15 kernel: system 00:03: [mem 0xff000000-0xffffffff] has been reserved
Sep 07 18:25:15 kernel: system 00:04: [io  0x2000-0x20fe] has been reserved
Sep 07 18:25:15 kernel: system 00:05: [mem 0xfed10000-0xfed17fff] has been reserved
Sep 07 18:25:15 kernel: system 00:05: [mem 0xfed18000-0xfed18fff] has been reserved
Sep 07 18:25:15 kernel: system 00:05: [mem 0xfed19000-0xfed19fff] has been reserved
Sep 07 18:25:15 kernel: system 00:05: [mem 0xe0000000-0xefffffff] has been reserved
Sep 07 18:25:15 kernel: system 00:05: [mem 0xfed20000-0xfed7ffff] has been reserved
Sep 07 18:25:15 kernel: system 00:05: [mem 0xfed90000-0xfed93fff] could not be reserved
Sep 07 18:25:15 kernel: system 00:05: [mem 0xfee00000-0xfeefffff] could not be reserved
Sep 07 18:25:15 kernel: system 00:06: [mem 0xfe038000-0xfe038fff] has been reserved
Sep 07 18:25:15 kernel: pnp: PnP ACPI: found 7 devices
Sep 07 18:25:15 kernel: clocksource: acpi_pm: mask: 0xffffff max_cycles: 0xffffff, max_idle_ns: 2085701024 ns
Sep 07 18:25:15 kernel: NET: Registered PF_INET protocol family
Sep 07 18:25:15 kernel: IP idents hash table entries: 262144 (order: 9, 2097152 bytes, linear)
Sep 07 18:25:15 kernel: tcp_listen_portaddr_hash hash table entries: 32768 (order: 7, 524288 bytes, linear)
Sep 07 18:25:15 kernel: Table-perturb hash table entries: 65536 (order: 6, 262144 bytes, linear)
Sep 07 18:25:15 kernel: TCP established hash table entries: 524288 (order: 10, 4194304 bytes, linear)
Sep 07 18:25:15 kernel: TCP bind hash table entries: 65536 (order: 9, 2097152 bytes, linear)
Sep 07 18:25:15 kernel: TCP: Hash tables configured (established 524288 bind 65536)
Sep 07 18:25:15 kernel: MPTCP token hash table entries: 65536 (order: 8, 1572864 bytes, linear)
Sep 07 18:25:15 kernel: UDP hash table entries: 32768 (order: 9, 2097152 bytes, linear)
Sep 07 18:25:15 kernel: UDP-Lite hash table entries: 32768 (order: 9, 2097152 bytes, linear)
Sep 07 18:25:15 kernel: NET: Registered PF_UNIX/PF_LOCAL protocol family
Sep 07 18:25:15 kernel: NET: Registered PF_XDP protocol family
Sep 07 18:25:15 kernel: pci_bus 0000:00: max bus depth: 1 pci_try_num: 2
Sep 07 18:25:15 kernel: pci 0000:00:1c.4: bridge window [mem 0x39000000-0x391fffff]: assigned
Sep 07 18:25:15 kernel: pci 0000:00:1c.4: bridge window [mem 0x10c8000000-0x10c81fffff 64bit pref]: assigned
Sep 07 18:25:15 kernel: pci 0000:00:1c.4: bridge window [io  0x5000-0x5fff]: assigned
Sep 07 18:25:15 kernel: pci 0000:01:00.0: VF BAR 2 [mem size 0x10000000 64bit pref]: can't assign; no space
Sep 07 18:25:15 kernel: pci 0000:01:00.0: VF BAR 2 [mem size 0x10000000 64bit pref]: failed to assign
Sep 07 18:25:15 kernel: pci 0000:01:00.0: VF BAR 4 [mem size 0x02000000 64bit pref]: can't assign; no space
Sep 07 18:25:15 kernel: pci 0000:01:00.0: VF BAR 4 [mem size 0x02000000 64bit pref]: failed to assign
Sep 07 18:25:15 kernel: pci 0000:01:00.0: VF BAR 0 [mem 0x400c0000-0x400fffff 64bit pref]: assigned
Sep 07 18:25:15 kernel: pci 0000:00:01.0: PCI bridge to [bus 01]
Sep 07 18:25:15 kernel: pci 0000:00:01.0:   bridge window [io  0x3000-0x3fff]
Sep 07 18:25:15 kernel: pci 0000:00:01.0:   bridge window [mem 0x3c000000-0x400fffff]
Sep 07 18:25:15 kernel: pci 0000:00:01.0:   bridge window [mem 0x4000000000-0x4401ffffff 64bit pref]
Sep 07 18:25:15 kernel: pci 0000:00:1b.0: PCI bridge to [bus 02]
Sep 07 18:25:15 kernel: pci 0000:00:1b.3: PCI bridge to [bus 03]
Sep 07 18:25:15 kernel: pci 0000:00:1b.3:   bridge window [mem 0x40600000-0x406fffff]
Sep 07 18:25:15 kernel: pci 0000:00:1b.4: PCI bridge to [bus 04]
Sep 07 18:25:15 kernel: pci 0000:00:1b.4:   bridge window [mem 0x40500000-0x405fffff]
Sep 07 18:25:15 kernel: pci 0000:00:1c.0: PCI bridge to [bus 05]
Sep 07 18:25:15 kernel: pci 0000:00:1c.1: PCI bridge to [bus 06]
Sep 07 18:25:15 kernel: pci 0000:00:1c.1:   bridge window [mem 0x40100000-0x403fffff]
Sep 07 18:25:15 kernel: pci 0000:00:1c.4: PCI bridge to [bus 07]
Sep 07 18:25:15 kernel: pci 0000:00:1c.4:   bridge window [io  0x5000-0x5fff]
Sep 07 18:25:15 kernel: pci 0000:00:1c.4:   bridge window [mem 0x39000000-0x391fffff]
Sep 07 18:25:15 kernel: pci 0000:00:1c.4:   bridge window [mem 0x10c8000000-0x10c81fffff 64bit pref]
Sep 07 18:25:15 kernel: pci 0000:00:1d.0: PCI bridge to [bus 08]
Sep 07 18:25:15 kernel: pci 0000:00:1d.0:   bridge window [mem 0x40400000-0x404fffff]
Sep 07 18:25:15 kernel: pci 0000:00:1d.4: PCI bridge to [bus 09]
Sep 07 18:25:15 kernel: PCI: No. 2 try to assign unassigned res
Sep 07 18:25:15 kernel: release child resource [mem 0x4000000000-0x43ffffffff 64bit pref]
Sep 07 18:25:15 kernel: release child resource [mem 0x4400000000-0x4401ffffff 64bit pref]
Sep 07 18:25:15 kernel: pci 0000:00:01.0: resource 15 [mem 0x4000000000-0x4401ffffff 64bit pref] released
Sep 07 18:25:15 kernel: pci 0000:00:01.0: PCI bridge to [bus 01]
Sep 07 18:25:15 kernel: pci 0000:00:01.0: bridge window [mem 0x1200000000-0x17ffffffff 64bit pref]: assigned
Sep 07 18:25:15 kernel: pci 0000:01:00.0: BAR 1 [mem 0x1400000000-0x17ffffffff 64bit pref]: assigned
Sep 07 18:25:15 kernel: pci 0000:01:00.0: VF BAR 2 [mem 0x1200000000-0x120fffffff 64bit pref]: assigned
Sep 07 18:25:15 kernel: pci 0000:01:00.0: BAR 3 [mem 0x1210000000-0x1211ffffff 64bit pref]: assigned
Sep 07 18:25:15 kernel: pci 0000:01:00.0: VF BAR 4 [mem 0x1212000000-0x1213ffffff 64bit pref]: assigned
Sep 07 18:25:15 kernel: pci 0000:00:01.0: PCI bridge to [bus 01]
Sep 07 18:25:15 kernel: pci 0000:00:01.0:   bridge window [io  0x3000-0x3fff]
Sep 07 18:25:15 kernel: pci 0000:00:01.0:   bridge window [mem 0x3c000000-0x400fffff]
Sep 07 18:25:15 kernel: pci 0000:00:01.0:   bridge window [mem 0x1200000000-0x17ffffffff 64bit pref]
Sep 07 18:25:15 kernel: pci 0000:00:1b.0: PCI bridge to [bus 02]
Sep 07 18:25:15 kernel: pci 0000:00:1b.3: PCI bridge to [bus 03]
Sep 07 18:25:15 kernel: pci 0000:00:1b.3:   bridge window [mem 0x40600000-0x406fffff]
Sep 07 18:25:15 kernel: pci 0000:00:1b.4: PCI bridge to [bus 04]
Sep 07 18:25:15 kernel: pci 0000:00:1b.4:   bridge window [mem 0x40500000-0x405fffff]
Sep 07 18:25:15 kernel: pci 0000:00:1c.0: PCI bridge to [bus 05]
Sep 07 18:25:15 kernel: pci 0000:00:1c.1: PCI bridge to [bus 06]
Sep 07 18:25:15 kernel: pci 0000:00:1c.1:   bridge window [mem 0x40100000-0x403fffff]
Sep 07 18:25:15 kernel: pci 0000:00:1c.4: PCI bridge to [bus 07]
Sep 07 18:25:15 kernel: pci 0000:00:1c.4:   bridge window [io  0x5000-0x5fff]
Sep 07 18:25:15 kernel: pci 0000:00:1c.4:   bridge window [mem 0x39000000-0x391fffff]
Sep 07 18:25:15 kernel: pci 0000:00:1c.4:   bridge window [mem 0x10c8000000-0x10c81fffff 64bit pref]
Sep 07 18:25:15 kernel: pci 0000:00:1d.0: PCI bridge to [bus 08]
Sep 07 18:25:15 kernel: pci 0000:00:1d.0:   bridge window [mem 0x40400000-0x404fffff]
Sep 07 18:25:15 kernel: pci 0000:00:1d.4: PCI bridge to [bus 09]
Sep 07 18:25:15 kernel: pci_bus 0000:00: resource 4 [io  0x0000-0xffff]
Sep 07 18:25:15 kernel: pci_bus 0000:00: resource 5 [mem 0x00000000-0x7fffffffff]
Sep 07 18:25:15 kernel: pci_bus 0000:01: resource 0 [io  0x3000-0x3fff]
Sep 07 18:25:15 kernel: pci_bus 0000:01: resource 1 [mem 0x3c000000-0x400fffff]
Sep 07 18:25:15 kernel: pci_bus 0000:01: resource 2 [mem 0x1200000000-0x17ffffffff 64bit pref]
Sep 07 18:25:15 kernel: pci_bus 0000:03: resource 1 [mem 0x40600000-0x406fffff]
Sep 07 18:25:15 kernel: pci_bus 0000:04: resource 1 [mem 0x40500000-0x405fffff]
Sep 07 18:25:15 kernel: pci_bus 0000:06: resource 1 [mem 0x40100000-0x403fffff]
Sep 07 18:25:15 kernel: pci_bus 0000:07: resource 0 [io  0x5000-0x5fff]
Sep 07 18:25:15 kernel: pci_bus 0000:07: resource 1 [mem 0x39000000-0x391fffff]
Sep 07 18:25:15 kernel: pci_bus 0000:07: resource 2 [mem 0x10c8000000-0x10c81fffff 64bit pref]
Sep 07 18:25:15 kernel: pci_bus 0000:08: resource 1 [mem 0x40400000-0x404fffff]
Sep 07 18:25:15 kernel: pci 0000:01:00.1: extending delay after power-on from D3hot to 20 msec
Sep 07 18:25:15 kernel: pci 0000:01:00.1: D0 power state depends on 0000:01:00.0
Sep 07 18:25:15 kernel: PCI: CLS 64 bytes, default 64
Sep 07 18:25:15 kernel: DMAR: No ATSR found
Sep 07 18:25:15 kernel: DMAR: No SATC found
Sep 07 18:25:15 kernel: DMAR: dmar0: Using Queued invalidation
Sep 07 18:25:15 kernel: pci 0000:00:00.0: Adding to iommu group 0
Sep 07 18:25:15 kernel: Trying to unpack rootfs image as initramfs...
Sep 07 18:25:15 kernel: pci 0000:00:01.0: Adding to iommu group 1
Sep 07 18:25:15 kernel: pci 0000:00:12.0: Adding to iommu group 2
Sep 07 18:25:15 kernel: pci 0000:00:14.0: Adding to iommu group 3
Sep 07 18:25:15 kernel: pci 0000:00:14.2: Adding to iommu group 3
Sep 07 18:25:15 kernel: pci 0000:00:16.0: Adding to iommu group 4
Sep 07 18:25:15 kernel: pci 0000:00:17.0: Adding to iommu group 5
Sep 07 18:25:15 kernel: pci 0000:00:1b.0: Adding to iommu group 6
Sep 07 18:25:15 kernel: pci 0000:00:1b.3: Adding to iommu group 7
Sep 07 18:25:15 kernel: pci 0000:00:1b.4: Adding to iommu group 8
Sep 07 18:25:15 kernel: pci 0000:00:1c.0: Adding to iommu group 9
Sep 07 18:25:15 kernel: pci 0000:00:1c.1: Adding to iommu group 10
Sep 07 18:25:15 kernel: pci 0000:00:1c.4: Adding to iommu group 9
Sep 07 18:25:15 kernel: pci 0000:00:1d.0: Adding to iommu group 11
Sep 07 18:25:15 kernel: pci 0000:00:1d.4: Adding to iommu group 12
Sep 07 18:25:15 kernel: pci 0000:00:1f.0: Adding to iommu group 13
Sep 07 18:25:15 kernel: pci 0000:00:1f.4: Adding to iommu group 13
Sep 07 18:25:15 kernel: pci 0000:00:1f.5: Adding to iommu group 13
Sep 07 18:25:15 kernel: pci 0000:01:00.0: Adding to iommu group 1
Sep 07 18:25:15 kernel: pci 0000:01:00.1: Adding to iommu group 1
Sep 07 18:25:15 kernel: pci 0000:03:00.0: Adding to iommu group 14
Sep 07 18:25:15 kernel: pci 0000:04:00.0: Adding to iommu group 15
Sep 07 18:25:15 kernel: pci 0000:06:00.0: Adding to iommu group 16
Sep 07 18:25:15 kernel: pci 0000:08:00.0: Adding to iommu group 17
Sep 07 18:25:15 kernel: DMAR: Intel(R) Virtualization Technology for Directed I/O
Sep 07 18:25:15 kernel: PCI-DMA: Using software bounce buffering for IO (SWIOTLB)
Sep 07 18:25:15 kernel: software IO TLB: mapped [mem 0x00000000200cc000-0x00000000240cc000] (64MB)
Sep 07 18:25:15 kernel: platform rtc_cmos: registered platform RTC device (no PNP device found)
Sep 07 18:25:15 kernel: sgx: EPC section 0x30200000-0x35efffff
Sep 07 18:25:15 kernel: Initialise system trusted keyrings
Sep 07 18:25:15 kernel: Key type blacklist registered
Sep 07 18:25:15 kernel: workingset: timestamp_bits=36 max_order=24 bucket_order=0
Sep 07 18:25:15 kernel: integrity: Platform Keyring initialized
Sep 07 18:25:15 kernel: integrity: Machine keyring initialized
Sep 07 18:25:15 kernel: cryptd: max_cpu_qlen set to 1000
Sep 07 18:25:15 kernel: NET: Registered PF_ALG protocol family
Sep 07 18:25:15 kernel: xor: automatically using best checksumming function   avx       
Sep 07 18:25:15 kernel: Key type asymmetric registered
Sep 07 18:25:15 kernel: Asymmetric key parser 'x509' registered
Sep 07 18:25:15 kernel: Freeing initrd memory: 319380K
Sep 07 18:25:15 kernel: Block layer SCSI generic (bsg) driver version 0.4 loaded (major 245)
Sep 07 18:25:15 kernel: io scheduler mq-deadline registered
Sep 07 18:25:15 kernel: io scheduler kyber registered
Sep 07 18:25:15 kernel: io scheduler bfq registered
Sep 07 18:25:15 kernel: atomic64_test: passed for x86-64 platform with CX8 and with SSE
Sep 07 18:25:15 kernel: input: Sleep Button as /devices/LNXSYSTM:00/LNXSYBUS:00/PNP0C0E:00/input/input0
Sep 07 18:25:15 kernel: ACPI: button: Sleep Button [SLPB]
Sep 07 18:25:15 kernel: input: Power Button as /devices/LNXSYSTM:00/LNXSYBUS:00/PNP0C0C:00/input/input1
Sep 07 18:25:15 kernel: ACPI: button: Power Button [PWRB]
Sep 07 18:25:15 kernel: input: Power Button as /devices/LNXSYSTM:00/LNXPWRBN:00/input/input2
Sep 07 18:25:15 kernel: ACPI: button: Power Button [PWRF]
Sep 07 18:25:15 kernel: tsc: Refined TSC clocksource calibration: 3599.999 MHz
Sep 07 18:25:15 kernel: clocksource: tsc: mask: 0xffffffffffffffff max_cycles: 0x33e4525366a, max_idle_ns: 440795257657 ns
Sep 07 18:25:15 kernel: clocksource: Switched to clocksource tsc
Sep 07 18:25:15 kernel: ACPI: \_TZ_.TZ10: _PSL evaluation failure
Sep 07 18:25:15 kernel: thermal LNXTHERM:00: registered as thermal_zone0
Sep 07 18:25:15 kernel: ACPI: thermal: Thermal Zone [TZ10] (17 C)
Sep 07 18:25:15 kernel: ACPI: \_TZ_.TZ20: _PSL evaluation failure
Sep 07 18:25:15 kernel: thermal LNXTHERM:01: registered as thermal_zone1
Sep 07 18:25:15 kernel: ACPI: thermal: Thermal Zone [TZ20] (17 C)
Sep 07 18:25:15 kernel: thermal LNXTHERM:02: registered as thermal_zone2
Sep 07 18:25:15 kernel: ACPI: thermal: Thermal Zone [TZ00] (28 C)
Sep 07 18:25:15 kernel: Serial: 8250/16550 driver, 32 ports, IRQ sharing enabled
Sep 07 18:25:15 kernel: Non-volatile memory driver v1.3
Sep 07 18:25:15 kernel: Linux agpgart interface v0.103
Sep 07 18:25:15 kernel: ACPI: bus type drm_connector registered
Sep 07 18:25:15 kernel: ahci 0000:00:17.0: AHCI vers 0001.0301, 32 command slots, 6 Gbps, SATA mode
Sep 07 18:25:15 kernel: ahci 0000:00:17.0: 6/6 ports implemented (port mask 0x3f)
Sep 07 18:25:15 kernel: ahci 0000:00:17.0: flags: 64bit ncq sntf clo only pio slum part ems deso sadm sds apst 
Sep 07 18:25:15 kernel: scsi host0: ahci
Sep 07 18:25:15 kernel: scsi host1: ahci
Sep 07 18:25:15 kernel: scsi host2: ahci
Sep 07 18:25:15 kernel: scsi host3: ahci
Sep 07 18:25:15 kernel: scsi host4: ahci
Sep 07 18:25:15 kernel: scsi host5: ahci
Sep 07 18:25:15 kernel: ata1: SATA max UDMA/133 abar m2048@0x40702000 port 0x40702100 irq 130 lpm-pol 3
Sep 07 18:25:15 kernel: ata2: SATA max UDMA/133 abar m2048@0x40702000 port 0x40702180 irq 130 lpm-pol 3
Sep 07 18:25:15 kernel: ata3: SATA max UDMA/133 abar m2048@0x40702000 port 0x40702200 irq 130 lpm-pol 3
Sep 07 18:25:15 kernel: ata4: SATA max UDMA/133 abar m2048@0x40702000 port 0x40702280 irq 130 lpm-pol 3
Sep 07 18:25:15 kernel: ata5: SATA max UDMA/133 abar m2048@0x40702000 port 0x40702300 irq 130 lpm-pol 3
Sep 07 18:25:15 kernel: ata6: SATA max UDMA/133 abar m2048@0x40702000 port 0x40702380 irq 130 lpm-pol 3
Sep 07 18:25:15 kernel: xhci_hcd 0000:00:14.0: xHCI Host Controller
Sep 07 18:25:15 kernel: xhci_hcd 0000:00:14.0: new USB bus registered, assigned bus number 1
Sep 07 18:25:15 kernel: xhci_hcd 0000:00:14.0: hcc params 0x200077c1 hci version 0x110 quirks 0x0000000000009810
Sep 07 18:25:15 kernel: xhci_hcd 0000:00:14.0: xHCI Host Controller
Sep 07 18:25:15 kernel: xhci_hcd 0000:00:14.0: new USB bus registered, assigned bus number 2
Sep 07 18:25:15 kernel: xhci_hcd 0000:00:14.0: Host supports USB 3.1 Enhanced SuperSpeed
Sep 07 18:25:15 kernel: usb usb1: New USB device found, idVendor=1d6b, idProduct=0002, bcdDevice= 6.16
Sep 07 18:25:15 kernel: usb usb1: New USB device strings: Mfr=3, Product=2, SerialNumber=1
Sep 07 18:25:15 kernel: usb usb1: Product: xHCI Host Controller
Sep 07 18:25:15 kernel: usb usb1: Manufacturer: Linux 6.16.4-104.bazzite.fc42.x86_64 xhci-hcd
Sep 07 18:25:15 kernel: usb usb1: SerialNumber: 0000:00:14.0
Sep 07 18:25:15 kernel: hub 1-0:1.0: USB hub found
Sep 07 18:25:15 kernel: hub 1-0:1.0: 16 ports detected
Sep 07 18:25:15 kernel: usb usb2: New USB device found, idVendor=1d6b, idProduct=0003, bcdDevice= 6.16
Sep 07 18:25:15 kernel: usb usb2: New USB device strings: Mfr=3, Product=2, SerialNumber=1
Sep 07 18:25:15 kernel: usb usb2: Product: xHCI Host Controller
Sep 07 18:25:15 kernel: usb usb2: Manufacturer: Linux 6.16.4-104.bazzite.fc42.x86_64 xhci-hcd
Sep 07 18:25:15 kernel: usb usb2: SerialNumber: 0000:00:14.0
Sep 07 18:25:15 kernel: hub 2-0:1.0: USB hub found
Sep 07 18:25:15 kernel: hub 2-0:1.0: 10 ports detected
Sep 07 18:25:15 kernel: usbcore: registered new interface driver usbserial_generic
Sep 07 18:25:15 kernel: usbserial: USB Serial support registered for generic
Sep 07 18:25:15 kernel: i8042: PNP: No PS/2 controller found.
Sep 07 18:25:15 kernel: mousedev: PS/2 mouse device common for all mice
Sep 07 18:25:15 kernel: rtc_cmos rtc_cmos: RTC can wake from S4
Sep 07 18:25:15 kernel: rtc_cmos rtc_cmos: registered as rtc0
Sep 07 18:25:15 kernel: rtc_cmos rtc_cmos: setting system clock to 2025-09-07T22:25:14 UTC (1757283914)
Sep 07 18:25:15 kernel: rtc_cmos rtc_cmos: alarms up to one month, y3k, 114 bytes nvram
Sep 07 18:25:15 kernel: device-mapper: core: CONFIG_IMA_DISABLE_HTABLE is disabled. Duplicate IMA measurements will not be recorded in the IMA log.
Sep 07 18:25:15 kernel: device-mapper: uevent: version 1.0.3
Sep 07 18:25:15 kernel: device-mapper: ioctl: 4.50.0-ioctl (2025-04-28) initialised: dm-devel@lists.linux.dev
Sep 07 18:25:15 kernel: intel_pstate: Intel P-state driver initializing
Sep 07 18:25:15 kernel: intel_pstate: HWP enabled
Sep 07 18:25:15 kernel: Relocating firmware framebuffer to offset 0x0000000000000000[d] within [mem 0x1400000000-0x17ffffffff flags 0x14220c]
Sep 07 18:25:15 kernel: efifb: probing for efifb
Sep 07 18:25:15 kernel: efifb: Ignoring BGRT: unexpected or invalid BMP data
Sep 07 18:25:15 kernel: efifb: framebuffer at 0x1400000000, using 8640k, total 8640k
Sep 07 18:25:15 kernel: efifb: mode is 1920x1080x32, linelength=8192, pages=1
Sep 07 18:25:15 kernel: efifb: scrolling: redraw
Sep 07 18:25:15 kernel: efifb: Truecolor: size=8:8:8:8, shift=24:16:8:0
Sep 07 18:25:15 kernel: fbcon: Deferring console take-over
Sep 07 18:25:15 kernel: fb0: EFI VGA frame buffer device
Sep 07 18:25:15 kernel: hid: raw HID events driver (C) Jiri Kosina
Sep 07 18:25:15 kernel: usbcore: registered new interface driver usbhid
Sep 07 18:25:15 kernel: usbhid: USB HID core driver
Sep 07 18:25:15 kernel: drop_monitor: Initializing network drop monitor service
Sep 07 18:25:15 kernel: Initializing XFRM netlink socket
Sep 07 18:25:15 kernel: NET: Registered PF_INET6 protocol family
Sep 07 18:25:15 kernel: Segment Routing with IPv6
Sep 07 18:25:15 kernel: RPL Segment Routing with IPv6
Sep 07 18:25:15 kernel: In-situ OAM (IOAM) with IPv6
Sep 07 18:25:15 kernel: mip6: Mobile IPv6
Sep 07 18:25:15 kernel: NET: Registered PF_PACKET protocol family
Sep 07 18:25:15 kernel: microcode: Current revision: 0x00000100
Sep 07 18:25:15 kernel: microcode: Updated early from: 0x000000f8
Sep 07 18:25:15 kernel: IPI shorthand broadcast: enabled
Sep 07 18:25:15 kernel: sched_clock: Marking stable (3667001315, 9864355)->(3684590354, -7724684)
Sep 07 18:25:15 kernel: registered taskstats version 1
Sep 07 18:25:15 kernel: Loading compiled-in X.509 certificates
Sep 07 18:25:15 kernel: Loaded X.509 cert 'Fedora kernel signing key: 437bb963b9933eca59853a2df2d7c3bb5f78d727'
Sep 07 18:25:15 kernel: Loaded X.509 cert 'Fedora IMA CA: a8a00c31663f853f9c6ff2564872e378af026b28'
Sep 07 18:25:15 kernel: Demotion targets for Node 0: null
Sep 07 18:25:15 kernel: page_owner is disabled
Sep 07 18:25:15 kernel: Key type .fscrypt registered
Sep 07 18:25:15 kernel: Key type fscrypt-provisioning registered
Sep 07 18:25:15 kernel: Btrfs loaded, zoned=yes, fsverity=yes
Sep 07 18:25:15 kernel: Key type big_key registered
Sep 07 18:25:15 kernel: Key type encrypted registered
Sep 07 18:25:15 kernel: integrity: Loading X.509 certificate: UEFI:db
Sep 07 18:25:15 kernel: integrity: Loaded X.509 cert 'Microsoft Corporation UEFI CA 2011: 13adbf4309bd82709c8cd54f316ed522988a1bd4'
Sep 07 18:25:15 kernel: integrity: Loading X.509 certificate: UEFI:db
Sep 07 18:25:15 kernel: integrity: Loaded X.509 cert 'Microsoft Windows Production PCA 2011: a92902398e16c49778cd90f99e4f9ae17c55af53'
Sep 07 18:25:15 kernel: integrity: Loading X.509 certificate: UEFI:db
Sep 07 18:25:15 kernel: integrity: Loaded X.509 cert 'Microsoft UEFI CA 2023: 81aa6b3244c935bce0d6628af39827421e32497d'
Sep 07 18:25:15 kernel: integrity: Loading X.509 certificate: UEFI:db
Sep 07 18:25:15 kernel: integrity: Loaded X.509 cert 'Microsoft Option ROM UEFI CA 2023: 514fbf937fa46fb57bf07af8bed84b3b864b1711'
Sep 07 18:25:15 kernel: ima: No TPM chip found, activating TPM-bypass!
Sep 07 18:25:15 kernel: Loading compiled-in module X.509 certificates
Sep 07 18:25:15 kernel: Loaded X.509 cert 'Fedora kernel signing key: 437bb963b9933eca59853a2df2d7c3bb5f78d727'
Sep 07 18:25:15 kernel: ima: Allocated hash algorithm: sha256
Sep 07 18:25:15 kernel: ima: No architecture policies found
Sep 07 18:25:15 kernel: evm: Initialising EVM extended attributes:
Sep 07 18:25:15 kernel: evm: security.selinux
Sep 07 18:25:15 kernel: evm: security.SMACK64 (disabled)
Sep 07 18:25:15 kernel: evm: security.SMACK64EXEC (disabled)
Sep 07 18:25:15 kernel: evm: security.SMACK64TRANSMUTE (disabled)
Sep 07 18:25:15 kernel: evm: security.SMACK64MMAP (disabled)
Sep 07 18:25:15 kernel: evm: security.apparmor (disabled)
Sep 07 18:25:15 kernel: evm: security.ima
Sep 07 18:25:15 kernel: evm: security.capability
Sep 07 18:25:15 kernel: evm: HMAC attrs: 0x1
Sep 07 18:25:15 kernel: alg: No test for 842 (842-scomp)
Sep 07 18:25:15 kernel: PM:   Magic number: 9:254:451
Sep 07 18:25:15 kernel: RAS: Correctable Errors collector initialized.
Sep 07 18:25:15 kernel: clk: Disabling unused clocks
Sep 07 18:25:15 kernel: PM: genpd: Disabling unused power domains
Sep 07 18:25:15 kernel: usb 1-2: new high-speed USB device number 2 using xhci_hcd
Sep 07 18:25:15 kernel: ata2: SATA link down (SStatus 4 SControl 300)
Sep 07 18:25:15 kernel: ata5: SATA link down (SStatus 4 SControl 300)
Sep 07 18:25:15 kernel: ata3: SATA link down (SStatus 4 SControl 300)
Sep 07 18:25:15 kernel: ata6: SATA link down (SStatus 4 SControl 300)
Sep 07 18:25:15 kernel: ata4: SATA link down (SStatus 4 SControl 300)
Sep 07 18:25:15 kernel: ata1: SATA link down (SStatus 4 SControl 300)
Sep 07 18:25:15 kernel: Freeing unused decrypted memory: 2028K
Sep 07 18:25:15 kernel: Freeing unused kernel image (initmem) memory: 5088K
Sep 07 18:25:15 kernel: Write protecting the kernel read-only data: 40960k
Sep 07 18:25:15 kernel: Freeing unused kernel image (text/rodata gap) memory: 704K
Sep 07 18:25:15 kernel: Freeing unused kernel image (rodata/data gap) memory: 560K
Sep 07 18:25:15 kernel: x86/mm: Checked W+X mappings: passed, no W+X pages found.
Sep 07 18:25:15 kernel: Run /init as init process
Sep 07 18:25:15 kernel:   with arguments:
Sep 07 18:25:15 kernel:     /init
Sep 07 18:25:15 kernel:     rhgb
Sep 07 18:25:15 kernel:   with environment:
Sep 07 18:25:15 kernel:     HOME=/
Sep 07 18:25:15 kernel:     TERM=linux
Sep 07 18:25:15 kernel:     BOOT_IMAGE=(hd2,gpt2)/ostree/default-c4dfef47f395d025b83a5807b95c2b9e35090d798b1101f1e779adb5998f6e07/vmlinuz-6.16.4-104.bazzite.fc42.x86_64
Sep 07 18:25:15 kernel:     ostree=/ostree/boot.1/default/c4dfef47f395d025b83a5807b95c2b9e35090d798b1101f1e779adb5998f6e07/0
Sep 07 18:25:15 kernel: usb 1-2: New USB device found, idVendor=05e3, idProduct=0608, bcdDevice=85.36
Sep 07 18:25:15 kernel: usb 1-2: New USB device strings: Mfr=0, Product=1, SerialNumber=0
Sep 07 18:25:15 kernel: usb 1-2: Product: USB2.0 Hub
Sep 07 18:25:15 kernel: hub 1-2:1.0: USB hub found
Sep 07 18:25:15 kernel: hub 1-2:1.0: 4 ports detected
Sep 07 18:25:15 systemd[1]: Successfully made /usr/ read-only.
Sep 07 18:25:15 systemd[1]: systemd 257.7-1.fc42 running in system mode (+PAM +AUDIT +SELINUX -APPARMOR +IMA +IPE +SMACK +SECCOMP -GCRYPT +GNUTLS +OPENSSL +ACL +BLKID +CURL +ELFUTILS +FIDO2 +IDN2 -IDN -IPTC +KMOD +LIBCRYPTSETUP +LIBCRYPTSETUP_PLUGINS +LIBFDISK +PCRE2 +PWQUALITY +P11KIT +QRENCODE +TPM2 +BZIP2 +LZ4 +XZ +ZLIB +ZSTD +BPF_FRAMEWORK +BTF +XKBCOMMON +UTMP +SYSVINIT +LIBARCHIVE)
Sep 07 18:25:15 systemd[1]: Detected architecture x86-64.
Sep 07 18:25:15 systemd[1]: Running in initrd.
Sep 07 18:25:15 systemd[1]: No hostname configured, using default hostname.
Sep 07 18:25:15 systemd[1]: Hostname set to <bazzite>.
Sep 07 18:25:15 systemd[1]: Initializing machine ID from random generator.
Sep 07 18:25:15 kernel: usb 2-7: new SuperSpeed USB device number 2 using xhci_hcd
Sep 07 18:25:15 systemd[1]: bpf-restrict-fs: LSM BPF program attached
Sep 07 18:25:15 kernel: usb 2-7: New USB device found, idVendor=0bda, idProduct=0411, bcdDevice= 1.24
Sep 07 18:25:15 kernel: usb 2-7: New USB device strings: Mfr=1, Product=2, SerialNumber=0
Sep 07 18:25:15 kernel: usb 2-7: Product: 4-Port USB 3.1 Hub
Sep 07 18:25:15 kernel: usb 2-7: Manufacturer: Generic
Sep 07 18:25:15 kernel: hub 2-7:1.0: USB hub found
Sep 07 18:25:15 kernel: hub 2-7:1.0: 4 ports detected
Sep 07 18:25:15 systemd[1]: Queued start job for default target initrd.target.
Sep 07 18:25:15 systemd[1]: Expecting device dev-disk-by\x2duuid-9fba10ec\x2d1a7d\x2d44bf\x2da83a\x2da265af04142f.device - /dev/disk/by-uuid/9fba10ec-1a7d-44bf-a83a-a265af04142f...
Sep 07 18:25:15 systemd[1]: Reached target initrd-usr-fs.target - Initrd /usr File System.
Sep 07 18:25:15 systemd[1]: Reached target slices.target - Slice Units.
Sep 07 18:25:15 systemd[1]: Reached target swap.target - Swaps.
Sep 07 18:25:15 systemd[1]: Reached target timers.target - Timer Units.
Sep 07 18:25:15 systemd[1]: Listening on pcscd.socket - PC/SC Smart Card Daemon Activation Socket (Dracut).
Sep 07 18:25:15 systemd[1]: Listening on systemd-journald-dev-log.socket - Journal Socket (/dev/log).
Sep 07 18:25:15 systemd[1]: Listening on systemd-journald.socket - Journal Sockets.
Sep 07 18:25:15 systemd[1]: Listening on systemd-udevd-control.socket - udev Control Socket.
Sep 07 18:25:15 systemd[1]: Listening on systemd-udevd-kernel.socket - udev Kernel Socket.
Sep 07 18:25:15 systemd[1]: Reached target sockets.target - Socket Units.
Sep 07 18:25:15 systemd[1]: Starting kmod-static-nodes.service - Create List of Static Device Nodes...
Sep 07 18:25:15 systemd[1]: memstrack.service - Memstrack Anylazing Service was skipped because no trigger condition checks were met.
Sep 07 18:25:15 systemd[1]: Starting systemd-journald.service - Journal Service...
Sep 07 18:25:15 systemd[1]: Starting systemd-modules-load.service - Load Kernel Modules...
Sep 07 18:25:15 systemd[1]: systemd-pcrphase-initrd.service - TPM PCR Barrier (initrd) was skipped because of an unmet condition check (ConditionSecurity=measured-uki).
Sep 07 18:25:15 systemd[1]: Starting systemd-vconsole-setup.service - Virtual Console Setup...
Sep 07 18:25:15 systemd[1]: Finished kmod-static-nodes.service - Create List of Static Device Nodes.
Sep 07 18:25:15 systemd[1]: Starting systemd-tmpfiles-setup-dev-early.service - Create Static Device Nodes in /dev gracefully...
Sep 07 18:25:15 systemd[1]: Finished systemd-tmpfiles-setup-dev-early.service - Create Static Device Nodes in /dev gracefully.
Sep 07 18:25:15 systemd[1]: Starting systemd-sysusers.service - Create System Users...
Sep 07 18:25:15 systemd-journald[381]: Collecting audit messages is disabled.
Sep 07 18:25:15 systemd[1]: Finished systemd-sysusers.service - Create System Users.
Sep 07 18:25:15 kernel: i2c_dev: i2c /dev entries driver
Sep 07 18:25:15 systemd[1]: Starting systemd-tmpfiles-setup-dev.service - Create Static Device Nodes in /dev...
Sep 07 18:25:15 systemd[1]: Finished systemd-tmpfiles-setup-dev.service - Create Static Device Nodes in /dev.
Sep 07 18:25:15 systemd[1]: Reached target local-fs-pre.target - Preparation for Local File Systems.
Sep 07 18:25:15 systemd[1]: Reached target local-fs.target - Local File Systems.
Sep 07 18:25:15 systemd[1]: Finished systemd-vconsole-setup.service - Virtual Console Setup.
Sep 07 18:25:15 systemd[1]: Starting dracut-cmdline-ask.service - dracut ask for additional cmdline parameters...
Sep 07 18:25:15 kernel: fuse: init (API version 7.44)
Sep 07 18:25:15 kernel: gcadapter_oc: loading out-of-tree module taints kernel.
Sep 07 18:25:15 kernel: gcadapter_oc: module verification failed: signature and/or required key missing - tainting kernel
Sep 07 18:25:15 kernel: kvmfr: creating 0 static devices
Sep 07 18:25:15 kernel: kvmfr: kvmfr_module_init: module loaded
Sep 07 18:25:15 systemd-journald[381]: Journal started
Sep 07 18:25:15 systemd-journald[381]: Runtime Journal (/run/log/journal/3750c3b95fe44ab59f6097c1f8a7cc0c) is 8M, max 1.2G, 1.2G free.
Sep 07 18:25:15 systemd-sysusers[398]: Creating group 'systemd-journal' with GID 190.
Sep 07 18:25:15 systemd-sysusers[398]: Creating group 'tss' with GID 59.
Sep 07 18:25:15 systemd-sysusers[398]: Creating user 'tss' (Account used for TPM access) with UID 59 and GID 59.
Sep 07 18:25:15 systemd-modules-load[382]: Inserted module 'i2c_dev'
Sep 07 18:25:15 systemd-tmpfiles[402]: /usr/lib/tmpfiles.d/static-nodes-permissions.conf:12: Failed to resolve group 'audio': No such process
Sep 07 18:25:15 systemd-tmpfiles[402]: /usr/lib/tmpfiles.d/static-nodes-permissions.conf:13: Failed to resolve group 'audio': No such process
Sep 07 18:25:15 systemd-tmpfiles[402]: /usr/lib/tmpfiles.d/static-nodes-permissions.conf:14: Failed to resolve group 'disk': No such process
Sep 07 18:25:15 systemd-tmpfiles[402]: /usr/lib/tmpfiles.d/static-nodes-permissions.conf:18: Failed to resolve group 'kvm': No such process
Sep 07 18:25:15 systemd-tmpfiles[402]: /usr/lib/tmpfiles.d/static-nodes-permissions.conf:19: Failed to resolve group 'kvm': No such process
Sep 07 18:25:15 systemd-tmpfiles[402]: /usr/lib/tmpfiles.d/static-nodes-permissions.conf:20: Failed to resolve group 'kvm': No such process
Sep 07 18:25:15 systemd-tmpfiles[402]: Failed to parse ACL "d:group::r-x,d:group:adm:r-x,d:group:wheel:r-x,group::r-x,group:adm:r-x,group:wheel:r-x", ignoring: Invalid argument
Sep 07 18:25:15 systemd-tmpfiles[402]: Failed to parse ACL "d:group:adm:r-x,d:group:wheel:r-x,group:adm:r-X,group:wheel:r-X", ignoring: Invalid argument
Sep 07 18:25:15 systemd-tmpfiles[402]: Failed to parse ACL "d:group::r-x,d:group:adm:r-x,d:group:wheel:r-x,group::r-x,group:adm:r-x,group:wheel:r-x", ignoring: Invalid argument
Sep 07 18:25:15 systemd-tmpfiles[402]: Failed to parse ACL "d:group:adm:r-x,d:group:wheel:r-x,group:adm:r-x,group:wheel:r-x", ignoring: Invalid argument
Sep 07 18:25:15 systemd-tmpfiles[402]: Failed to parse ACL "group:adm:r--,group:wheel:r--", ignoring: Invalid argument
Sep 07 18:25:15 systemd-modules-load[382]: Inserted module 'fuse'
Sep 07 18:25:15 systemd[1]: Started systemd-journald.service - Journal Service.
Sep 07 18:25:15 systemd-modules-load[382]: Module 'msr' is built in
Sep 07 18:25:15 systemd-modules-load[382]: Inserted module 'gcadapter_oc'
Sep 07 18:25:15 systemd-modules-load[382]: Inserted module 'kvmfr'
Sep 07 18:25:15 systemd[1]: Finished dracut-cmdline-ask.service - dracut ask for additional cmdline parameters.
Sep 07 18:25:15 systemd[1]: Starting dracut-cmdline.service - dracut cmdline hook...
Sep 07 18:25:15 systemd[1]: Starting systemd-tmpfiles-setup.service - Create System Files and Directories...
Sep 07 18:25:15 kernel: usb 1-3: new high-speed USB device number 3 using xhci_hcd
Sep 07 18:25:15 systemd-tmpfiles[426]: /usr/lib/tmpfiles.d/systemd.conf:11: Failed to resolve group 'utmp': No such process
Sep 07 18:25:15 systemd-tmpfiles[426]: Failed to parse ACL "d:group::r-x,d:group:adm:r-x,d:group:wheel:r-x,group::r-x,group:adm:r-x,group:wheel:r-x", ignoring: Invalid argument
Sep 07 18:25:15 systemd-tmpfiles[426]: Failed to parse ACL "d:group:adm:r-x,d:group:wheel:r-x,group:adm:r-X,group:wheel:r-X", ignoring: Invalid argument
Sep 07 18:25:15 systemd-tmpfiles[426]: Failed to parse ACL "d:group::r-x,d:group:adm:r-x,d:group:wheel:r-x,group::r-x,group:adm:r-x,group:wheel:r-x", ignoring: Invalid argument
Sep 07 18:25:15 systemd-tmpfiles[426]: Failed to parse ACL "d:group:adm:r-x,d:group:wheel:r-x,group:adm:r-x,group:wheel:r-x", ignoring: Invalid argument
Sep 07 18:25:15 systemd-tmpfiles[426]: Failed to parse ACL "group:adm:r--,group:wheel:r--", ignoring: Invalid argument
Sep 07 18:25:15 systemd-tmpfiles[426]: /usr/lib/tmpfiles.d/var.conf:14: Duplicate line for path "/var/log", ignoring.
Sep 07 18:25:15 systemd-tmpfiles[426]: /usr/lib/tmpfiles.d/var.conf:15: Failed to resolve group 'utmp': No such process
Sep 07 18:25:15 systemd-tmpfiles[426]: /usr/lib/tmpfiles.d/var.conf:16: Failed to resolve group 'utmp': No such process
Sep 07 18:25:15 systemd-tmpfiles[426]: /usr/lib/tmpfiles.d/var.conf:17: Failed to resolve group 'utmp': No such process
Sep 07 18:25:15 systemd[1]: Finished systemd-tmpfiles-setup.service - Create System Files and Directories.
Sep 07 18:25:15 dracut-cmdline[425]: dracut-107-2.fc42
Sep 07 18:25:15 dracut-cmdline[425]: Using kernel command line parameters:  rd.driver.pre=btrfs rd.driver.pre=vfio rd.driver.pre=vfio_iommu_type1 rd.driver.pre=vfio_pci rd.driver.pre=i915 rd.driver.pre=amdgpu rd.driver.pre=nvidia rd.driver.pre=nvidia_drm rd.driver.pre=nvidia_modeset rd.driver.pre=nvidia_peermem rd.driver.pre=nvidia_uvm   BOOT_IMAGE=(hd2,gpt2)/ostree/default-c4dfef47f395d025b83a5807b95c2b9e35090d798b1101f1e779adb5998f6e07/vmlinuz-6.16.4-104.bazzite.fc42.x86_64 rhgb quiet root=UUID=9fba10ec-1a7d-44bf-a83a-a265af04142f rootflags=subvol=root rw ostree=/ostree/boot.1/default/c4dfef47f395d025b83a5807b95c2b9e35090d798b1101f1e779adb5998f6e07/0 bluetooth.disable_ertm=1 processor.max_cstate=3 intel_idle.max_cstate=3 intel_pstate=active transparent_hugepage=madvise nvme_core.default_ps_max_latency_us=0 pcie_aspm=off intel_iommu=on iommu=pt threadirqs preempt=full nvidia-drm.modeset=1 nvidia-drm.fbdev=1 pci=realloc mitigations=off mitigations=off processor.max_cstate=3 intel_idle.max_cstate=3 intel_pstate=active transparent_hugepage=madvise nvme_core.default_ps_max_latency_us=0 pcie_aspm=off pci=realloc,assign-busses,nocrs intel_iommu=on iommu=pt threadirqs preempt=full nvidia-drm.modeset=1 nvidia-drm.fbdev=1 mitigations=off
Sep 07 18:25:15 systemd-modules-load[382]: Failed to insert module 'nct6687': No such device
Sep 07 18:25:15 systemd-modules-load[382]: Inserted module 'pkcs8_key_parser'
Sep 07 18:25:15 kernel: Asymmetric key parser 'pkcs8' registered
Sep 07 18:25:15 systemd-modules-load[382]: Inserted module 'uhid'
Sep 07 18:25:15 systemd-modules-load[382]: Inserted module 'ntsync'
Sep 07 18:25:15 systemd[1]: Finished systemd-modules-load.service - Load Kernel Modules.
Sep 07 18:25:15 systemd[1]: Starting systemd-sysctl.service - Apply Kernel Variables...
Sep 07 18:25:15 systemd-sysctl[484]: Couldn't write 'bbr' to 'net/ipv4/tcp_congestion_control', ignoring: No such file or directory
Sep 07 18:25:15 systemd[1]: Finished systemd-sysctl.service - Apply Kernel Variables.
Sep 07 18:25:15 systemd[1]: Finished dracut-cmdline.service - dracut cmdline hook.
Sep 07 18:25:15 systemd[1]: Starting dracut-pre-udev.service - dracut pre-udev hook...
Sep 07 18:25:15 kernel: VFIO - User Level meta-driver version: 0.3
Sep 07 18:25:15 kernel: usb 1-3: New USB device found, idVendor=045e, idProduct=02fe, bcdDevice= 1.00
Sep 07 18:25:15 kernel: usb 1-3: New USB device strings: Mfr=1, Product=2, SerialNumber=3
Sep 07 18:25:15 kernel: usb 1-3: Product: XBOX ACC
Sep 07 18:25:15 kernel: usb 1-3: Manufacturer: Microsoft Inc.
Sep 07 18:25:15 kernel: usb 1-3: SerialNumber: 121242
Sep 07 18:25:15 kernel: usb 2-10: new SuperSpeed USB device number 3 using xhci_hcd
Sep 07 18:25:15 kernel: usb 2-10: New USB device found, idVendor=2537, idProduct=1081, bcdDevice= 1.00
Sep 07 18:25:15 kernel: usb 2-10: New USB device strings: Mfr=1, Product=2, SerialNumber=3
Sep 07 18:25:15 kernel: usb 2-10: Product: NS1081
Sep 07 18:25:15 kernel: usb 2-10: Manufacturer: Norelsys
Sep 07 18:25:15 kernel: usb 2-10: SerialNumber: 0123456789ABCDE
Sep 07 18:25:15 kernel: usb 1-2.4: new high-speed USB device number 4 using xhci_hcd
Sep 07 18:25:15 kernel: usb 1-2.4: New USB device found, idVendor=1b1c, idProduct=0c1c, bcdDevice= 1.00
Sep 07 18:25:15 kernel: usb 1-2.4: New USB device strings: Mfr=1, Product=2, SerialNumber=3
Sep 07 18:25:15 kernel: usb 1-2.4: Product: CORSAIR iCUE Commander CORE
Sep 07 18:25:15 kernel: usb 1-2.4: Manufacturer: Corsair
Sep 07 18:25:15 kernel: usb 1-2.4: SerialNumber: 610c00519017babaeaf65bf53091005f
Sep 07 18:25:15 kernel: hid-generic 0003:1B1C:0C1C.0001: hiddev96,hidraw0: USB HID v1.00 Device [Corsair CORSAIR iCUE Commander CORE] on usb-0000:00:14.0-2.4/input0
Sep 07 18:25:15 kernel: hid-generic 0003:1B1C:0C1C.0002: hiddev97,hidraw1: USB HID v1.00 Device [Corsair CORSAIR iCUE Commander CORE] on usb-0000:00:14.0-2.4/input1
Sep 07 18:25:15 kernel: usb 2-7.1: new SuperSpeed USB device number 4 using xhci_hcd
Sep 07 18:25:15 kernel: usb 2-7.1: New USB device found, idVendor=0424, idProduct=5734, bcdDevice= 1.39
Sep 07 18:25:15 kernel: usb 2-7.1: New USB device strings: Mfr=2, Product=3, SerialNumber=0
Sep 07 18:25:15 kernel: usb 2-7.1: Product: USB5734
Sep 07 18:25:15 kernel: usb 2-7.1: Manufacturer: Microchip Tech
Sep 07 18:25:15 kernel: hub 2-7.1:1.0: USB hub found
Sep 07 18:25:15 kernel: hub 2-7.1:1.0: 5 ports detected
Sep 07 18:25:15 kernel: usb 1-4: new full-speed USB device number 5 using xhci_hcd
Sep 07 18:25:15 kernel: usb 1-4: New USB device found, idVendor=1b1c, idProduct=0a38, bcdDevice= 0.00
Sep 07 18:25:15 kernel: usb 1-4: New USB device strings: Mfr=3, Product=4, SerialNumber=0
Sep 07 18:25:15 kernel: usb 1-4: Product: Corsair HS70 Wireless Gaming Headset
Sep 07 18:25:15 kernel: usb 1-4: Manufacturer: Corsair
Sep 07 18:25:15 kernel: input: Corsair Corsair HS70 Wireless Gaming Headset Consumer Control as /devices/pci0000:00/0000:00:14.0/usb1/1-4/1-4:1.3/0003:1B1C:0A38.0003/input/input3
Sep 07 18:25:15 kernel: input: Corsair Corsair HS70 Wireless Gaming Headset as /devices/pci0000:00/0000:00:14.0/usb1/1-4/1-4:1.3/0003:1B1C:0A38.0003/input/input4
Sep 07 18:25:15 kernel: input: Corsair Corsair HS70 Wireless Gaming Headset as /devices/pci0000:00/0000:00:14.0/usb1/1-4/1-4:1.3/0003:1B1C:0A38.0003/input/input5
Sep 07 18:25:15 kernel: hid-generic 0003:1B1C:0A38.0003: input,hiddev98,hidraw2: USB HID v1.11 Device [Corsair Corsair HS70 Wireless Gaming Headset] on usb-0000:00:14.0-4/input3
Sep 07 18:25:16 kernel: usb 1-6: new high-speed USB device number 6 using xhci_hcd
Sep 07 18:25:16 kernel: usb 1-6: New USB device found, idVendor=0fd9, idProduct=009a, bcdDevice= 1.20
Sep 07 18:25:16 kernel: usb 1-6: New USB device strings: Mfr=1, Product=2, SerialNumber=3
Sep 07 18:25:16 kernel: usb 1-6: Product: Stream Deck Neo
Sep 07 18:25:16 kernel: usb 1-6: Manufacturer: Elgato
Sep 07 18:25:16 kernel: usb 1-6: SerialNumber: A7BSA41213763W
Sep 07 18:25:16 kernel: input: Elgato Stream Deck Neo as /devices/pci0000:00/0000:00:14.0/usb1/1-6/1-6:1.0/0003:0FD9:009A.0004/input/input6
Sep 07 18:25:16 kernel: hid-generic 0003:0FD9:009A.0004: input,hidraw3: USB HID v1.10 Device [Elgato Stream Deck Neo] on usb-0000:00:14.0-6/input0
Sep 07 18:25:16 kernel: usb 2-7.1.1: new SuperSpeed USB device number 5 using xhci_hcd
Sep 07 18:25:16 kernel: usb 2-7.1.1: New USB device found, idVendor=0bda, idProduct=0411, bcdDevice= 1.04
Sep 07 18:25:16 kernel: usb 2-7.1.1: New USB device strings: Mfr=1, Product=2, SerialNumber=0
Sep 07 18:25:16 kernel: usb 2-7.1.1: Product: 4-Port USB 3.0 Hub
Sep 07 18:25:16 kernel: usb 2-7.1.1: Manufacturer: Generic
Sep 07 18:25:16 kernel: hub 2-7.1.1:1.0: USB hub found
Sep 07 18:25:16 kernel: hub 2-7.1.1:1.0: 4 ports detected
Sep 07 18:25:16 kernel: usb 1-7: new high-speed USB device number 7 using xhci_hcd
Sep 07 18:25:16 kernel: usb 1-7: New USB device found, idVendor=0bda, idProduct=5411, bcdDevice= 1.24
Sep 07 18:25:16 kernel: usb 1-7: New USB device strings: Mfr=1, Product=2, SerialNumber=0
Sep 07 18:25:16 kernel: usb 1-7: Product: 4-Port USB 2.1 Hub
Sep 07 18:25:16 kernel: usb 1-7: Manufacturer: Generic
Sep 07 18:25:16 kernel: hub 1-7:1.0: USB hub found
Sep 07 18:25:16 kernel: hub 1-7:1.0: 4 ports detected
Sep 07 18:25:16 kernel: usb 1-11: new full-speed USB device number 8 using xhci_hcd
Sep 07 18:25:16 kernel: usb 1-11: New USB device found, idVendor=0483, idProduct=572b, bcdDevice= 2.00
Sep 07 18:25:16 kernel: usb 1-11: New USB device strings: Mfr=1, Product=2, SerialNumber=3
Sep 07 18:25:16 kernel: usb 1-11: Product: SPEKTRUM RECEIVER
Sep 07 18:25:16 kernel: usb 1-11: Manufacturer: Horizon Hobby
Sep 07 18:25:16 kernel: usb 1-11: SerialNumber: 00000000001A
Sep 07 18:25:16 kernel: input: Horizon Hobby SPEKTRUM RECEIVER as /devices/pci0000:00/0000:00:14.0/usb1/1-11/1-11:1.0/0003:0483:572B.0005/input/input7
Sep 07 18:25:16 kernel: hid-generic 0003:0483:572B.0005: input,hidraw4: USB HID v1.11 Gamepad [Horizon Hobby SPEKTRUM RECEIVER] on usb-0000:00:14.0-11/input0
Sep 07 18:25:16 kernel: usb 1-7.1: new high-speed USB device number 9 using xhci_hcd
Sep 07 18:25:16 kernel: usb 1-7.1: New USB device found, idVendor=0424, idProduct=2734, bcdDevice= 1.39
Sep 07 18:25:16 kernel: usb 1-7.1: New USB device strings: Mfr=1, Product=2, SerialNumber=0
Sep 07 18:25:16 kernel: usb 1-7.1: Product: USB2734
Sep 07 18:25:16 kernel: usb 1-7.1: Manufacturer: Microchip Tech
Sep 07 18:25:16 kernel: hub 1-7.1:1.0: USB hub found
Sep 07 18:25:16 kernel: hub 1-7.1:1.0: 5 ports detected
Sep 07 18:25:17 kernel: usb 1-12: new full-speed USB device number 10 using xhci_hcd
Sep 07 18:25:17 kernel: usb 1-12: New USB device found, idVendor=048d, idProduct=5702, bcdDevice= 0.01
Sep 07 18:25:17 kernel: usb 1-12: New USB device strings: Mfr=1, Product=2, SerialNumber=0
Sep 07 18:25:17 kernel: usb 1-12: Product: ITE Device
Sep 07 18:25:17 kernel: usb 1-12: Manufacturer: ITE Tech. Inc.
Sep 07 18:25:17 kernel: hid-generic 0003:048D:5702.0006: hiddev99,hidraw5: USB HID v1.12 Device [ITE Tech. Inc. ITE Device] on usb-0000:00:14.0-12/input0
Sep 07 18:25:17 kernel: usb 1-7.1.1: new high-speed USB device number 11 using xhci_hcd
Sep 07 18:25:17 kernel: usb 1-7.1.1: New USB device found, idVendor=0bda, idProduct=5411, bcdDevice= 1.04
Sep 07 18:25:17 kernel: usb 1-7.1.1: New USB device strings: Mfr=1, Product=2, SerialNumber=0
Sep 07 18:25:17 kernel: usb 1-7.1.1: Product: 4-Port USB 2.0 Hub
Sep 07 18:25:17 kernel: usb 1-7.1.1: Manufacturer: Generic
Sep 07 18:25:17 kernel: hub 1-7.1.1:1.0: USB hub found
Sep 07 18:25:17 kernel: hub 1-7.1.1:1.0: 4 ports detected
Sep 07 18:25:17 kernel: usb 1-7.1.2: new high-speed USB device number 12 using xhci_hcd
Sep 07 18:25:17 kernel: usb 1-7.1.2: New USB device found, idVendor=1532, idProduct=0e03, bcdDevice=79.13
Sep 07 18:25:17 kernel: usb 1-7.1.2: New USB device strings: Mfr=1, Product=2, SerialNumber=0
Sep 07 18:25:17 kernel: usb 1-7.1.2: Product: Razer Kiyo
Sep 07 18:25:17 kernel: usb 1-7.1.2: Manufacturer: Alpha Imaging Tech. Corp.
Sep 07 18:25:18 kernel: usb 1-7.1.5: new high-speed USB device number 13 using xhci_hcd
Sep 07 18:25:18 kernel: usb 1-7.1.5: New USB device found, idVendor=187c, idProduct=100b, bcdDevice= 2.00
Sep 07 18:25:18 kernel: usb 1-7.1.5: New USB device strings: Mfr=1, Product=2, SerialNumber=0
Sep 07 18:25:18 kernel: usb 1-7.1.5: Product: Hub Controller
Sep 07 18:25:18 kernel: usb 1-7.1.5: Manufacturer: Microchip Tech
Sep 07 18:25:18 kernel: hid-generic 0003:187C:100B.0007: hiddev100,hidraw6: USB HID v1.10 Device [Microchip Tech Hub Controller] on usb-0000:00:14.0-7.1.5/input0
Sep 07 18:25:18 kernel: usb 1-7.1.1.1: new full-speed USB device number 14 using xhci_hcd
Sep 07 18:25:18 kernel: [drm] amdgpu kernel modesetting enabled.
Sep 07 18:25:18 kernel: amdgpu: Virtual CRAT table created for CPU
Sep 07 18:25:18 kernel: amdgpu: Topology: Add CPU node
Sep 07 18:25:18 kernel: usb 1-7.1.1.1: New USB device found, idVendor=1532, idProduct=0060, bcdDevice= 2.00
Sep 07 18:25:18 kernel: usb 1-7.1.1.1: New USB device strings: Mfr=1, Product=2, SerialNumber=0
Sep 07 18:25:18 kernel: usb 1-7.1.1.1: Product: Razer Lancehead Tournament Edition
Sep 07 18:25:18 kernel: usb 1-7.1.1.1: Manufacturer: Razer
Sep 07 18:25:18 kernel: input: Razer Razer Lancehead Tournament Edition as /devices/pci0000:00/0000:00:14.0/usb1/1-7/1-7.1/1-7.1.1/1-7.1.1.1/1-7.1.1.1:1.0/0003:1532:0060.0008/input/input8
Sep 07 18:25:18 kernel: hid-generic 0003:1532:0060.0008: input,hidraw7: USB HID v1.11 Mouse [Razer Razer Lancehead Tournament Edition] on usb-0000:00:14.0-7.1.1.1/input0
Sep 07 18:25:18 kernel: input: Razer Razer Lancehead Tournament Edition Keyboard as /devices/pci0000:00/0000:00:14.0/usb1/1-7/1-7.1/1-7.1.1/1-7.1.1.1/1-7.1.1.1:1.1/0003:1532:0060.0009/input/input9
Sep 07 18:25:18 kernel: input: Razer Razer Lancehead Tournament Edition as /devices/pci0000:00/0000:00:14.0/usb1/1-7/1-7.1/1-7.1.1/1-7.1.1.1/1-7.1.1.1:1.1/0003:1532:0060.0009/input/input10
Sep 07 18:25:18 kernel: hid-generic 0003:1532:0060.0009: input,hidraw8: USB HID v1.11 Keyboard [Razer Razer Lancehead Tournament Edition] on usb-0000:00:14.0-7.1.1.1/input1
Sep 07 18:25:18 kernel: input: Razer Razer Lancehead Tournament Edition as /devices/pci0000:00/0000:00:14.0/usb1/1-7/1-7.1/1-7.1.1/1-7.1.1.1/1-7.1.1.1:1.2/0003:1532:0060.000A/input/input11
Sep 07 18:25:18 kernel: hid-generic 0003:1532:0060.000A: input,hidraw9: USB HID v1.11 Keyboard [Razer Razer Lancehead Tournament Edition] on usb-0000:00:14.0-7.1.1.1/input2
Sep 07 18:25:18 kernel: nvidia-nvlink: Nvlink Core is being initialized, major device number 511
Sep 07 18:25:18 kernel: 
Sep 07 18:25:18 kernel: nvidia 0000:01:00.0: vgaarb: VGA decodes changed: olddecodes=io+mem,decodes=none:owns=none
Sep 07 18:25:18 kernel: usb 1-7.1.1.2: new full-speed USB device number 15 using xhci_hcd
Sep 07 18:25:18 kernel: usb 1-7.1.1.2: New USB device found, idVendor=1532, idProduct=0216, bcdDevice= 2.00
Sep 07 18:25:18 kernel: usb 1-7.1.1.2: New USB device strings: Mfr=1, Product=2, SerialNumber=0
Sep 07 18:25:18 kernel: usb 1-7.1.1.2: Product: Razer BlackWidow X Chroma
Sep 07 18:25:18 kernel: usb 1-7.1.1.2: Manufacturer: Razer
Sep 07 18:25:18 kernel: input: Razer Razer BlackWidow X Chroma as /devices/pci0000:00/0000:00:14.0/usb1/1-7/1-7.1/1-7.1.1/1-7.1.1.2/1-7.1.1.2:1.0/0003:1532:0216.000B/input/input12
Sep 07 18:25:18 kernel: hid-generic 0003:1532:0216.000B: input,hidraw10: USB HID v1.11 Keyboard [Razer Razer BlackWidow X Chroma] on usb-0000:00:14.0-7.1.1.2/input0
Sep 07 18:25:18 kernel: input: Razer Razer BlackWidow X Chroma Keyboard as /devices/pci0000:00/0000:00:14.0/usb1/1-7/1-7.1/1-7.1.1/1-7.1.1.2/1-7.1.1.2:1.1/0003:1532:0216.000C/input/input13
Sep 07 18:25:18 kernel: input: Razer Razer BlackWidow X Chroma as /devices/pci0000:00/0000:00:14.0/usb1/1-7/1-7.1/1-7.1.1/1-7.1.1.2/1-7.1.1.2:1.1/0003:1532:0216.000C/input/input14
Sep 07 18:25:18 kernel: hid-generic 0003:1532:0216.000C: input,hidraw11: USB HID v1.11 Keyboard [Razer Razer BlackWidow X Chroma] on usb-0000:00:14.0-7.1.1.2/input1
Sep 07 18:25:18 kernel: input: Razer Razer BlackWidow X Chroma as /devices/pci0000:00/0000:00:14.0/usb1/1-7/1-7.1/1-7.1.1/1-7.1.1.2/1-7.1.1.2:1.2/0003:1532:0216.000D/input/input15
Sep 07 18:25:18 kernel: hid-generic 0003:1532:0216.000D: input,hidraw12: USB HID v1.11 Mouse [Razer Razer BlackWidow X Chroma] on usb-0000:00:14.0-7.1.1.2/input2
Sep 07 18:25:21 kernel: NVRM: loading NVIDIA UNIX Open Kernel Module for x86_64  580.82.07  Release Build  (dvs-builder@U22-I3-B07-03-2)  Wed Aug 27 18:20:54 UTC 2025
Sep 07 18:25:21 kernel: nvidia-modeset: Loading NVIDIA UNIX Open Kernel Mode Setting Driver for x86_64  580.82.07  Release Build  (dvs-builder@U22-I3-B07-03-2)  Wed Aug 27 18:06:05 UTC 2025
Sep 07 18:25:21 kernel: [drm] [nvidia-drm] [GPU ID 0x00000100] Loading driver
Sep 07 18:25:22 kernel: [drm] Initialized nvidia-drm 0.0.0 for 0000:01:00.0 on minor 0
Sep 07 18:25:22 kernel: nvidia 0000:01:00.0: vgaarb: deactivate vga console
Sep 07 18:25:22 kernel: fbcon: nvidia-drmdrmfb (fb0) is primary device
Sep 07 18:25:22 kernel: fbcon: Deferring console take-over
Sep 07 18:25:22 kernel: nvidia 0000:01:00.0: [drm] fb0: nvidia-drmdrmfb frame buffer device
Sep 07 18:25:22 dracut-pre-udev[588]: modprobe: ERROR: could not insert 'nvidia_peermem': Invalid argument
Sep 07 18:25:23 systemd[1]: Finished dracut-pre-udev.service - dracut pre-udev hook.
Sep 07 18:25:23 systemd[1]: Starting systemd-udevd.service - Rule-based Manager for Device Events and Files...
Sep 07 18:25:23 systemd-udevd[603]: Using default interface naming scheme 'v257'.
Sep 07 18:25:23 systemd-udevd[603]: /usr/lib/udev/rules.d/50-udev-default.rules:38 Unknown group 'tty', ignoring.
Sep 07 18:25:23 systemd-udevd[603]: /usr/lib/udev/rules.d/50-udev-default.rules:39 Unknown group 'tty', ignoring.
Sep 07 18:25:23 systemd-udevd[603]: /usr/lib/udev/rules.d/50-udev-default.rules:40 Unknown group 'tty', ignoring.
Sep 07 18:25:23 systemd-udevd[603]: /usr/lib/udev/rules.d/50-udev-default.rules:41 Unknown group 'tty', ignoring.
Sep 07 18:25:23 systemd-udevd[603]: /usr/lib/udev/rules.d/50-udev-default.rules:44 Unknown group 'kmem', ignoring.
Sep 07 18:25:23 systemd-udevd[603]: /usr/lib/udev/rules.d/50-udev-default.rules:46 Unknown group 'input', ignoring.
Sep 07 18:25:23 systemd-udevd[603]: /usr/lib/udev/rules.d/50-udev-default.rules:49 Unknown group 'video', ignoring.
Sep 07 18:25:23 systemd-udevd[603]: /usr/lib/udev/rules.d/50-udev-default.rules:50 Unknown group 'video', ignoring.
Sep 07 18:25:23 systemd-udevd[603]: /usr/lib/udev/rules.d/50-udev-default.rules:51 Unknown group 'video', ignoring.
Sep 07 18:25:23 systemd-udevd[603]: /usr/lib/udev/rules.d/50-udev-default.rules:52 Unknown group 'video', ignoring.
Sep 07 18:25:23 systemd-udevd[603]: /usr/lib/udev/rules.d/50-udev-default.rules:53 Unknown group 'video', ignoring.
Sep 07 18:25:23 systemd-udevd[603]: /usr/lib/udev/rules.d/50-udev-default.rules:54 Unknown group 'video', ignoring.
Sep 07 18:25:23 systemd-udevd[603]: /usr/lib/udev/rules.d/50-udev-default.rules:56 Unknown group 'render', ignoring.
Sep 07 18:25:23 systemd-udevd[603]: /usr/lib/udev/rules.d/50-udev-default.rules:57 Unknown group 'render', ignoring.
Sep 07 18:25:23 systemd-udevd[603]: /usr/lib/udev/rules.d/50-udev-default.rules:58 Unknown group 'render', ignoring.
Sep 07 18:25:23 systemd-udevd[603]: /usr/lib/udev/rules.d/50-udev-default.rules:60 Unknown group 'sgx', ignoring.
Sep 07 18:25:23 systemd-udevd[603]: /usr/lib/udev/rules.d/50-udev-default.rules:61 Unknown group 'sgx', ignoring.
Sep 07 18:25:23 systemd-udevd[603]: /usr/lib/udev/rules.d/50-udev-default.rules:67 Unknown group 'audio', ignoring.
Sep 07 18:25:23 systemd-udevd[603]: /usr/lib/udev/rules.d/50-udev-default.rules:77 Unknown group 'audio', ignoring.
Sep 07 18:25:23 systemd-udevd[603]: /usr/lib/udev/rules.d/50-udev-default.rules:78 Unknown group 'audio', ignoring.
Sep 07 18:25:23 systemd-udevd[603]: /usr/lib/udev/rules.d/50-udev-default.rules:79 Unknown group 'video', ignoring.
Sep 07 18:25:23 systemd-udevd[603]: /usr/lib/udev/rules.d/50-udev-default.rules:81 Unknown group 'lp', ignoring.
Sep 07 18:25:23 systemd-udevd[603]: /usr/lib/udev/rules.d/50-udev-default.rules:82 Unknown group 'lp', ignoring.
Sep 07 18:25:23 systemd-udevd[603]: /usr/lib/udev/rules.d/50-udev-default.rules:83 Unknown group 'lp', ignoring.
Sep 07 18:25:23 systemd-udevd[603]: /usr/lib/udev/rules.d/50-udev-default.rules:84 Unknown group 'lp', ignoring.
Sep 07 18:25:23 systemd-udevd[603]: /usr/lib/udev/rules.d/50-udev-default.rules:85 Unknown group 'lp', ignoring.
Sep 07 18:25:23 systemd-udevd[603]: /usr/lib/udev/rules.d/50-udev-default.rules:86 Unknown group 'lp', ignoring.
Sep 07 18:25:23 systemd-udevd[603]: /usr/lib/udev/rules.d/50-udev-default.rules:88 Unknown group 'disk', ignoring.
Sep 07 18:25:23 systemd-udevd[603]: /usr/lib/udev/rules.d/50-udev-default.rules:96 Unknown group 'disk', ignoring.
Sep 07 18:25:23 systemd-udevd[603]: /usr/lib/udev/rules.d/50-udev-default.rules:97 Unknown group 'disk', ignoring.
Sep 07 18:25:23 systemd-udevd[603]: /usr/lib/udev/rules.d/50-udev-default.rules:98 Unknown group 'disk', ignoring.
Sep 07 18:25:23 systemd-udevd[603]: /usr/lib/udev/rules.d/50-udev-default.rules:99 Unknown group 'disk', ignoring.
Sep 07 18:25:23 systemd-udevd[603]: /usr/lib/udev/rules.d/50-udev-default.rules:100 Unknown group 'disk', ignoring.
Sep 07 18:25:23 systemd-udevd[603]: /usr/lib/udev/rules.d/50-udev-default.rules:101 Unknown group 'disk', ignoring.
Sep 07 18:25:23 systemd-udevd[603]: /usr/lib/udev/rules.d/50-udev-default.rules:102 Unknown group 'disk', ignoring.
Sep 07 18:25:23 systemd-udevd[603]: /usr/lib/udev/rules.d/50-udev-default.rules:111 Unknown group 'kvm', ignoring.
